Archive member included to satisfy reference by file (symbol)

../drivers\libIotLibrary.a(hal.o)
                              main.o (hal_create)
../drivers\libIotLibrary.a(hih8120.o)
                              main.o (hih8120Create)
../drivers\libIotLibrary.a(led.o)
                              ../drivers\libIotLibrary.a(hal.o) (led_create)
../drivers\libIotLibrary.a(lora_driver.o)
                              DownLinkHandler.o (lora_driver_flush_buffers)
../drivers\libIotLibrary.a(lora_driver_utils.o)
                              ../drivers\libIotLibrary.a(lora_driver.o) (decode_port_no)
../drivers\libIotLibrary.a(mega_register_access.o)
                              ../drivers\libIotLibrary.a(hal.o) (reg_read_register)
../drivers\libIotLibrary.a(serial.o)
                              ../drivers\libIotLibrary.a(lora_driver.o) (serial_new_instance)
../drivers\libIotLibrary.a(stdio_driver.o)
                              main.o (stdioCreate)
../drivers\libIotLibrary.a(twi.o)
                              ../drivers\libIotLibrary.a(hih8120.o) (twiCreate)
../drivers\libIotLibrary.a(fifo.o)
                              ../drivers\libIotLibrary.a(serial.o) (fifo_init)
c:/program files (x86)/atmel/studio/7.0/toolchain/avr8/avr8-gnu-toolchain/bin/../lib/gcc/avr/5.4.0/../../../../avr/lib/avr6\libm.a(addsf3.o)
                              ../drivers\libIotLibrary.a(hih8120.o) (__subsf3)
c:/program files (x86)/atmel/studio/7.0/toolchain/avr8/avr8-gnu-toolchain/bin/../lib/gcc/avr/5.4.0/../../../../avr/lib/avr6\libm.a(addsf3x.o)
                              c:/program files (x86)/atmel/studio/7.0/toolchain/avr8/avr8-gnu-toolchain/bin/../lib/gcc/avr/5.4.0/../../../../avr/lib/avr6\libm.a(addsf3.o) (__addsf3x)
c:/program files (x86)/atmel/studio/7.0/toolchain/avr8/avr8-gnu-toolchain/bin/../lib/gcc/avr/5.4.0/../../../../avr/lib/avr6\libm.a(divsf3.o)
                              ../drivers\libIotLibrary.a(hih8120.o) (__divsf3)
c:/program files (x86)/atmel/studio/7.0/toolchain/avr8/avr8-gnu-toolchain/bin/../lib/gcc/avr/5.4.0/../../../../avr/lib/avr6\libm.a(divsf3x.o)
                              c:/program files (x86)/atmel/studio/7.0/toolchain/avr8/avr8-gnu-toolchain/bin/../lib/gcc/avr/5.4.0/../../../../avr/lib/avr6\libm.a(divsf3.o) (__divsf3x)
c:/program files (x86)/atmel/studio/7.0/toolchain/avr8/avr8-gnu-toolchain/bin/../lib/gcc/avr/5.4.0/../../../../avr/lib/avr6\libm.a(fixsfsi.o)
                              ../drivers\libIotLibrary.a(hih8120.o) (__fixsfsi)
c:/program files (x86)/atmel/studio/7.0/toolchain/avr8/avr8-gnu-toolchain/bin/../lib/gcc/avr/5.4.0/../../../../avr/lib/avr6\libm.a(fixunssfsi.o)
                              ../drivers\libIotLibrary.a(hih8120.o) (__fixunssfsi)
c:/program files (x86)/atmel/studio/7.0/toolchain/avr8/avr8-gnu-toolchain/bin/../lib/gcc/avr/5.4.0/../../../../avr/lib/avr6\libm.a(floatsisf.o)
                              ../drivers\libIotLibrary.a(hih8120.o) (__floatunsisf)
c:/program files (x86)/atmel/studio/7.0/toolchain/avr8/avr8-gnu-toolchain/bin/../lib/gcc/avr/5.4.0/../../../../avr/lib/avr6\libm.a(fp_inf.o)
                              c:/program files (x86)/atmel/studio/7.0/toolchain/avr8/avr8-gnu-toolchain/bin/../lib/gcc/avr/5.4.0/../../../../avr/lib/avr6\libm.a(addsf3x.o) (__fp_inf)
c:/program files (x86)/atmel/studio/7.0/toolchain/avr8/avr8-gnu-toolchain/bin/../lib/gcc/avr/5.4.0/../../../../avr/lib/avr6\libm.a(fp_nan.o)
                              c:/program files (x86)/atmel/studio/7.0/toolchain/avr8/avr8-gnu-toolchain/bin/../lib/gcc/avr/5.4.0/../../../../avr/lib/avr6\libm.a(addsf3x.o) (__fp_nan)
c:/program files (x86)/atmel/studio/7.0/toolchain/avr8/avr8-gnu-toolchain/bin/../lib/gcc/avr/5.4.0/../../../../avr/lib/avr6\libm.a(fp_pscA.o)
                              c:/program files (x86)/atmel/studio/7.0/toolchain/avr8/avr8-gnu-toolchain/bin/../lib/gcc/avr/5.4.0/../../../../avr/lib/avr6\libm.a(addsf3x.o) (__fp_pscA)
c:/program files (x86)/atmel/studio/7.0/toolchain/avr8/avr8-gnu-toolchain/bin/../lib/gcc/avr/5.4.0/../../../../avr/lib/avr6\libm.a(fp_pscB.o)
                              c:/program files (x86)/atmel/studio/7.0/toolchain/avr8/avr8-gnu-toolchain/bin/../lib/gcc/avr/5.4.0/../../../../avr/lib/avr6\libm.a(addsf3x.o) (__fp_pscB)
c:/program files (x86)/atmel/studio/7.0/toolchain/avr8/avr8-gnu-toolchain/bin/../lib/gcc/avr/5.4.0/../../../../avr/lib/avr6\libm.a(fp_round.o)
                              c:/program files (x86)/atmel/studio/7.0/toolchain/avr8/avr8-gnu-toolchain/bin/../lib/gcc/avr/5.4.0/../../../../avr/lib/avr6\libm.a(addsf3.o) (__fp_round)
c:/program files (x86)/atmel/studio/7.0/toolchain/avr8/avr8-gnu-toolchain/bin/../lib/gcc/avr/5.4.0/../../../../avr/lib/avr6\libm.a(fp_split3.o)
                              c:/program files (x86)/atmel/studio/7.0/toolchain/avr8/avr8-gnu-toolchain/bin/../lib/gcc/avr/5.4.0/../../../../avr/lib/avr6\libm.a(addsf3x.o) (__fp_split3)
[...]
Memory Configuration

Name             Origin             Length             Attributes
text             0x00000000         0x00100000         xr
data             0x00800200         0x0000fe00         rw !x
eeprom           0x00810000         0x00010000         rw !x
fuse             0x00820000         0x00000003         rw !x
lock             0x00830000         0x00000400         rw !x
signature        0x00840000         0x00000400         rw !x
user_signatures  0x00850000         0x00000400         rw !x
*default*        0x00000000         0xffffffff

Linker script and memory map

Address of section .data set to 0x800200
LOAD C:/Program Files (x86)/Atmel/Studio/7.0/Packs/atmel/ATmega_DFP/1.2.209/gcc/dev/atmega2560/avr6/crtatmega2560.o
LOAD co2Reader.o
LOAD Configuration.o
LOAD currentCondition.o
LOAD device.o
LOAD DownLinkHandler.o
LOAD drivers/docs/example/loraWANHandler.o
LOAD humidityAndTemperature.o
LOAD UpLinkHandler.o
LOAD FreeRTOS/FreeRTOSTraceDriver/FreeRTOSTraceDriver.o
LOAD FreeRTOS/src/croutine.o
LOAD FreeRTOS/src/event_groups.o
LOAD FreeRTOS/src/heap_4.o
LOAD FreeRTOS/src/list.o
LOAD FreeRTOS/src/port.o
LOAD FreeRTOS/src/queue.o
LOAD FreeRTOS/src/stream_buffer.o
LOAD FreeRTOS/src/tasks.o
LOAD FreeRTOS/src/timers.o
LOAD FreeRTOS/src/variantHooks.o
LOAD main.o
START GROUP
LOAD c:/program files (x86)/atmel/studio/7.0/toolchain/avr8/avr8-gnu-toolchain/bin/../lib/gcc/avr/5.4.0/../../../../avr/lib/avr6\libm.a
LOAD ../drivers\libIotLibrary.a
END GROUP
START GROUP
LOAD c:/program files (x86)/atmel/studio/7.0/toolchain/avr8/avr8-gnu-toolchain/bin/../lib/gcc/avr/5.4.0/avr6\libgcc.a
LOAD c:/program files (x86)/atmel/studio/7.0/toolchain/avr8/avr8-gnu-toolchain/bin/../lib/gcc/avr/5.4.0/../../../../avr/lib/avr6\libm.a
LOAD c:/program files (x86)/atmel/studio/7.0/toolchain/avr8/avr8-gnu-toolchain/bin/../lib/gcc/avr/5.4.0/../../../../avr/lib/avr6\libc.a
LOAD C:/Program Files (x86)/Atmel/Studio/7.0/Packs/atmel/ATmega_DFP/1.2.209/gcc/dev/atmega2560/avr6\libatmega2560.a
END GROUP
                0x00100000                __TEXT_REGION_LENGTH__ = DEFINED (__TEXT_REGION_LENGTH__)?__TEXT_REGION_LENGTH__:0x100000
                0x0000fe00                __DATA_REGION_LENGTH__ = DEFINED (__DATA_REGION_LENGTH__)?__DATA_REGION_LENGTH__:0xfe00
                0x00010000                __EEPROM_REGION_LENGTH__ = DEFINED (__EEPROM_REGION_LENGTH__)?__EEPROM_REGION_LENGTH__:0x10000
                [0x00000003]                __FUSE_REGION_LENGTH__ = DEFINED (__FUSE_REGION_LENGTH__)?__FUSE_REGION_LENGTH__:0x400
                0x00000400                __LOCK_REGION_LENGTH__ = DEFINED (__LOCK_REGION_LENGTH__)?__LOCK_REGION_LENGTH__:0x400
                0x00000400                __SIGNATURE_REGION_LENGTH__ = DEFINED (__SIGNATURE_REGION_LENGTH__)?__SIGNATURE_REGION_LENGTH__:0x400
                0x00000400                __USER_SIGNATURE_REGION_LENGTH__ = DEFINED (__USER_SIGNATURE_REGION_LENGTH__)?__USER_SIGNATURE_REGION_LENGTH__:0x400

.hash
 *(.hash)

.dynsym
 *(.dynsym)

.dynstr
 *(.dynstr)

.gnu.version
 *(.gnu.version)

.gnu.version_d
 *(.gnu.version_d)

.gnu.version_r
 *(.gnu.version_r)

.rel.init
 *(.rel.init)

.rela.init
 *(.rela.init)

.rel.text
 *(.rel.text)
 *(.rel.text.*)
 *(.rel.gnu.linkonce.t*)

.rela.text
 *(.rela.text)
 *(.rela.text.*)
 *(.rela.gnu.linkonce.t*)

.rel.fini
 *(.rel.fini)

.rela.fini
 *(.rela.fini)

.rel.rodata
 *(.rel.rodata)
 *(.rel.rodata.*)
 *(.rel.gnu.linkonce.r*)

.rela.rodata
 *(.rela.rodata)
 *(.rela.rodata.*)
 *(.rela.gnu.linkonce.r*)

.rel.data
 *(.rel.data)
 *(.rel.data.*)
 *(.rel.gnu.linkonce.d*)

.rela.data
 *(.rela.data)
 *(.rela.data.*)
 *(.rela.gnu.linkonce.d*)

.rel.ctors
 *(.rel.ctors)

.rela.ctors
 *(.rela.ctors)

.rel.dtors
 *(.rel.dtors)

.rela.dtors
 *(.rela.dtors)

.rel.got
 *(.rel.got)

.rela.got
 *(.rela.got)

.rel.bss
 *(.rel.bss)

.rela.bss
 *(.rela.bss)

.rel.plt
 *(.rel.plt)

.rela.plt
 *(.rela.plt)

.text           0x00000000     0x61ae
 *(.vectors)
 .vectors       0x00000000       0xe4 C:/Program Files (x86)/Atmel/Studio/7.0/Packs/atmel/ATmega_DFP/1.2.209/gcc/dev/atmega2560/avr6/crtatmega2560.o
                0x00000000                __vector_default
                0x00000000                __vectors
 *(.vectors)
 *(.progmem.gcc*)
 .progmem.gcc_sw_table
                0x000000e4       0x14 FreeRTOS/src/timers.o
 .progmem.gcc_sw_table.__vector_39
                0x000000f8       0xa2 ../drivers\libIotLibrary.a(twi.o)
                0x0000019a                . = ALIGN (0x2)
                0x0000019a                __trampolines_start = .
 *(.trampolines)
 .trampolines   0x0000019a        0x0 linker stubs
 *(.trampolines*)
                0x0000019a                __trampolines_end = .
 *libprintf_flt.a:*(.progmem.data)
 *libc.a:*(.progmem.data)
 *(.progmem*)
                0x0000019a                . = ALIGN (0x2)
 *(.jumptables)
 *(.jumptables*)
 *(.lowtext)
 .lowtext       0x0000019a       0x74 FreeRTOS/src/tasks.o
 .lowtext       0x0000020e      0x292 FreeRTOS/src/timers.o
 *(.lowtext*)
                0x000004a0                __ctors_start = .
 *(.ctors)
                0x000004a0                __ctors_end = .
                0x000004a0                __dtors_start = .
 *(.dtors)
                0x000004a0                __dtors_end = .
 SORT(*)(.ctors)
 SORT(*)(.dtors)
 *(.init0)
 .init0         0x000004a0        0x0 C:/Program Files (x86)/Atmel/Studio/7.0/Packs/atmel/ATmega_DFP/1.2.209/gcc/dev/atmega2560/avr6/crtatmega2560.o
                0x000004a0                __init
 *(.init0)
 *(.init1)
 *(.init1)
 *(.init2)
 .init2         0x000004a0       0x10 C:/Program Files (x86)/Atmel/Studio/7.0/Packs/atmel/ATmega_DFP/1.2.209/gcc/dev/atmega2560/avr6/crtatmega2560.o
 *(.init2)
 *(.init3)
 *(.init3)
 *(.init4)
 .init4         0x000004b0       0x1a c:/program files (x86)/atmel/studio/7.0/toolchain/avr8/avr8-gnu-toolchain/bin/../lib/gcc/avr/5.4.0/avr6\libgcc.a(_copy_data.o)
                0x000004b0                __do_copy_data
 .init4         0x000004ca       0x10 c:/program files (x86)/atmel/studio/7.0/toolchain/avr8/avr8-gnu-toolchain/bin/../lib/gcc/avr/5.4.0/avr6\libgcc.a(_clear_bss.o)
                0x000004ca                __do_clear_bss
 *(.init4)
 *(.init5)
 *(.init5)
 *(.init6)
 *(.init6)
 *(.init7)
 *(.init7)
 *(.init8)
 *(.init8)
 *(.init9)
 .init9         0x000004da        0x8 C:/Program Files (x86)/Atmel/Studio/7.0/Packs/atmel/ATmega_DFP/1.2.209/gcc/dev/atmega2560/avr6/crtatmega2560.o
 *(.init9)
 *(.text)
 .text          0x000004e2        0x2 C:/Program Files (x86)/Atmel/Studio/7.0/Packs/atmel/ATmega_DFP/1.2.209/gcc/dev/atmega2560/avr6/crtatmega2560.o
                0x000004e2                __vector_38
                0x000004e2                __vector_22
                0x000004e2                __vector_28
                0x000004e2                __vector_1
                0x000004e2                __vector_32
                0x000004e2                __vector_34
                0x000004e2                __vector_24
                0x000004e2                __vector_46
                0x000004e2                __bad_interrupt
                0x000004e2                __vector_6
                0x000004e2                __vector_31
                0x000004e2                __vector_35
                0x000004e2                __vector_3
                0x000004e2                __vector_23
                0x000004e2                __vector_30
                0x000004e2                __vector_45
                0x000004e2                __vector_11
                0x000004e2                __vector_13
                0x000004e2                __vector_17
                0x000004e2                __vector_19
                0x000004e2                __vector_56
                0x000004e2                __vector_7
                0x000004e2                __vector_49
                0x000004e2                __vector_41
                0x000004e2                __vector_43
                0x000004e2                __vector_27
                0x000004e2                __vector_5
                0x000004e2                __vector_33
                0x000004e2                __vector_47
                0x000004e2                __vector_4
                0x000004e2                __vector_44
                0x000004e2                __vector_9
                0x000004e2                __vector_2
                0x000004e2                __vector_21
                0x000004e2                __vector_15
                0x000004e2                __vector_29
                0x000004e2                __vector_40
                0x000004e2                __vector_8
                0x000004e2                __vector_48
                0x000004e2                __vector_14
                0x000004e2                __vector_53
                0x000004e2                __vector_10
                0x000004e2                __vector_50
                0x000004e2                __vector_16
                0x000004e2                __vector_18
                0x000004e2                __vector_20
                0x000004e2                __vector_42
                0x000004e4                . = ALIGN (0x2)
 *(.text.*)
 .text.co2Reader_create
                0x000004e4       0xc2 co2Reader.o
                0x000004e4                co2Reader_create
 .text.co2Reader_measure
                0x000005a6       0xac co2Reader.o
                0x000005a6                co2Reader_measure
 .text.co2Reader_executeTask
                0x00000652        0x8 co2Reader.o
                0x00000652                co2Reader_executeTask
 .text.co2Reader_getCO2
                0x0000065a        0x6 co2Reader.o
                0x0000065a                co2Reader_getCO2
 .text.configuration_create
                0x00000660       0x18 Configuration.o
                0x00000660                configuration_create
 .text.configuration_getWorking
                0x00000678       0x22 Configuration.o
                0x00000678                configuration_getWorking
 .text.currentCondition_create
                0x0000069a       0x20 currentCondition.o
                0x0000069a                currentCondition_create
 .text.currentCondition_setCO2
                0x000006ba        0xc currentCondition.o
                0x000006ba                currentCondition_setCO2
 .text.currentCondition_setHumidity
                0x000006c6        0xc currentCondition.o
                0x000006c6                currentCondition_setHumidity
 .text.currentCondition_setTemperature
                0x000006d2        0xc currentCondition.o
                0x000006d2                currentCondition_setTemperature
 .text.getcurrentConditionPayload
                0x000006de       0x2e currentCondition.o
                0x000006de                getcurrentConditionPayload
 .text.device_create
                0x0000070c      0x104 device.o
                0x0000070c                device_create
 .text.device_setHumidityToCurrent
                0x00000810        0xa device.o
                0x00000810                device_setHumidityToCurrent
 .text.device_getHumidityData
                0x0000081a       0x14 device.o
                0x0000081a                device_getHumidityData
 .text.device_setCO2ToCurrent
                0x0000082e        0xa device.o
                0x0000082e                device_setCO2ToCurrent
 .text.device_getCO2Data
                0x00000838       0x16 device.o
                0x00000838                device_getCO2Data
 .text.device_setTemperatureToCurrent
                0x0000084e        0xa device.o
                0x0000084e                device_setTemperatureToCurrent
 .text.device_getTemperatureData
                0x00000858       0x14 device.o
                0x00000858                device_getTemperatureData
 .text.device_startMeasuring
                0x0000086c      0x17e device.o
                0x0000086c                device_startMeasuring
 .text.device_executeTask
                0x000009ea        0x8 device.o
                0x000009ea                device_executeTask
 .text.humAndTempReader_create
                0x000009f2       0xcc humidityAndTemperature.o
                0x000009f2                humAndTempReader_create
 .text.humAndTempReader_measure
                0x00000abe      0x104 humidityAndTemperature.o
                0x00000abe                humAndTempReader_measure
 .text.humAndTempReader_executeTask
                0x00000bc2        0x8 humidityAndTemperature.o
                0x00000bc2                humAndTempReader_executeTask
 .text.humAndTempReader_getHumidity
                0x00000bca        0x8 humidityAndTemperature.o
                0x00000bca                humAndTempReader_getHumidity
 .text.humAndTempReader_getTemperature
                0x00000bd2        0x8 humidityAndTemperature.o
                0x00000bd2                humAndTempReader_getTemperature
 .text.lora_UpLinkHandler_create
                0x00000bda       0x26 UpLinkHandler.o
                0x00000bda                lora_UpLinkHandler_create
 .text.lora_UpLinkHandler_task
                0x00000c00      0x28c UpLinkHandler.o
                0x00000c00                lora_UpLinkHandler_task
 .text.lora_UpLinkHandler_startTask
                0x00000e8c       0x14 UpLinkHandler.o
                0x00000e8c                lora_UpLinkHandler_startTask
 .text.trace_init
                0x00000ea0        0xc FreeRTOS/FreeRTOSTraceDriver/FreeRTOSTraceDriver.o
                0x00000ea0                trace_init
 .text.task_switch_in
                0x00000eac       0x14 FreeRTOS/FreeRTOSTraceDriver/FreeRTOSTraceDriver.o
                0x00000eac                task_switch_in
 .text.task_switch_out
                0x00000ec0        0xc FreeRTOS/FreeRTOSTraceDriver/FreeRTOSTraceDriver.o
                0x00000ec0                task_switch_out
 .text.xEventGroupCreate
                0x00000ecc       0x26 FreeRTOS/src/event_groups.o
                0x00000ecc                xEventGroupCreate
 .text.xEventGroupWaitBits
                0x00000ef2      0x180 FreeRTOS/src/event_groups.o
                0x00000ef2                xEventGroupWaitBits
 .text.xEventGroupSetBits
                0x00001072      0x132 FreeRTOS/src/event_groups.o
                0x00001072                xEventGroupSetBits
 .text.prvInsertBlockIntoFreeList
                0x000011a4       0x9a FreeRTOS/src/heap_4.o
 .text.pvPortMalloc
                0x0000123e      0x172 FreeRTOS/src/heap_4.o
                0x0000123e                pvPortMalloc
 .text.vPortFree
                0x000013b0       0x62 FreeRTOS/src/heap_4.o
                0x000013b0                vPortFree
 .text.vListInitialise
                0x00001412       0x22 FreeRTOS/src/list.o
                0x00001412                vListInitialise
 .text.vListInitialiseItem
                0x00001434        0x8 FreeRTOS/src/list.o
                0x00001434                vListInitialiseItem
 .text.vListInsertEnd
                0x0000143c       0x42 FreeRTOS/src/list.o
                0x0000143c                vListInsertEnd
 .text.vListInsert
                0x0000147e       0x7a FreeRTOS/src/list.o
                0x0000147e                vListInsert
 .text.uxListRemove
                0x000014f8       0x4e FreeRTOS/src/list.o
                0x000014f8                uxListRemove
 .text.pxPortInitialiseStack
                0x00001546       0xe4 FreeRTOS/src/port.o
                0x00001546                pxPortInitialiseStack
 .text.xPortStartScheduler
                0x0000162a       0x78 FreeRTOS/src/port.o
                0x0000162a                xPortStartScheduler
 .text.vPortYield
                0x000016a2       0xc2 FreeRTOS/src/port.o
                0x000016a2                vPortYield
 .text.vPortYieldFromTick
                0x00001764       0xca FreeRTOS/src/port.o
                0x00001764                vPortYieldFromTick
 .text.__vector_12
                0x0000182e        0x4 FreeRTOS/src/port.o
                0x0000182e                __vector_12
 .text.prvIsQueueEmpty
                0x00001832       0x16 FreeRTOS/src/queue.o
 .text.prvCopyDataToQueue
                0x00001848       0xbe FreeRTOS/src/queue.o
 .text.prvCopyDataFromQueue
                0x00001906       0x34 FreeRTOS/src/queue.o
 .text.prvUnlockQueue
                0x0000193a       0x9a FreeRTOS/src/queue.o
 .text.xQueueGenericReset
                0x000019d4       0x86 FreeRTOS/src/queue.o
                0x000019d4                xQueueGenericReset
 .text.xQueueGenericCreate
                0x00001a5a       0x5c FreeRTOS/src/queue.o
                0x00001a5a                xQueueGenericCreate
 .text.xQueueGenericSend
                0x00001ab6      0x140 FreeRTOS/src/queue.o
                0x00001ab6                xQueueGenericSend
 .text.xQueueCreateMutex
                0x00001bf6       0x36 FreeRTOS/src/queue.o
                0x00001bf6                xQueueCreateMutex
 .text.xQueueGenericSendFromISR
                0x00001c2c       0x72 FreeRTOS/src/queue.o
                0x00001c2c                xQueueGenericSendFromISR
 .text.xQueueReceive
                0x00001c9e      0x130 FreeRTOS/src/queue.o
                0x00001c9e                xQueueReceive
 .text.xQueueSemaphoreTake
                0x00001dce      0x198 FreeRTOS/src/queue.o
                0x00001dce                xQueueSemaphoreTake
 .text.vQueueWaitForMessageRestricted
                0x00001f66       0x36 FreeRTOS/src/queue.o
                0x00001f66                vQueueWaitForMessageRestricted
 .text.prvBytesInBuffer
                0x00001f9c       0x26 FreeRTOS/src/stream_buffer.o
 .text.prvWriteBytesToBuffer
                0x00001fc2       0x92 FreeRTOS/src/stream_buffer.o
 .text.prvWriteMessageToBuffer
                0x00002054       0x80 FreeRTOS/src/stream_buffer.o
 .text.prvReadBytesFromBuffer
                0x000020d4       0x9c FreeRTOS/src/stream_buffer.o
 .text.xStreamBufferGenericCreate
                0x00002170       0x58 FreeRTOS/src/stream_buffer.o
                0x00002170                xStreamBufferGenericCreate
 .text.xStreamBufferReset
                0x000021c8       0x5a FreeRTOS/src/stream_buffer.o
                0x000021c8                xStreamBufferReset
 .text.xStreamBufferSpacesAvailable
                0x00002222       0x24 FreeRTOS/src/stream_buffer.o
                0x00002222                xStreamBufferSpacesAvailable
 .text.xStreamBufferSend
                0x00002246      0x154 FreeRTOS/src/stream_buffer.o
                0x00002246                xStreamBufferSend
 .text.xStreamBufferSendFromISR
                0x0000239a       0x86 FreeRTOS/src/stream_buffer.o
                0x0000239a                xStreamBufferSendFromISR
 .text.xStreamBufferReceive
                0x00002420      0x144 FreeRTOS/src/stream_buffer.o
                0x00002420                xStreamBufferReceive
 .text.prvResetNextTaskUnblockTime
                0x00002564       0x54 FreeRTOS/src/tasks.o
 .text.prvAddCurrentTaskToDelayedList
                0x000025b8       0xee FreeRTOS/src/tasks.o
 .text.xTaskCreate
                0x000026a6      0x23e FreeRTOS/src/tasks.o
                0x000026a6                xTaskCreate
 .text.vTaskStartScheduler
                0x000028e4       0x78 FreeRTOS/src/tasks.o
                0x000028e4                vTaskStartScheduler
 .text.vTaskSuspendAll
                0x0000295c        0xc FreeRTOS/src/tasks.o
                0x0000295c                vTaskSuspendAll
 .text.xTaskGetTickCount
                0x00002968       0x1c FreeRTOS/src/tasks.o
                0x00002968                xTaskGetTickCount
 .text.xTaskIncrementTick
                0x00002984      0x1aa FreeRTOS/src/tasks.o
                0x00002984                xTaskIncrementTick
 .text.xTaskResumeAll
                0x00002b2e       0xf8 FreeRTOS/src/tasks.o
                0x00002b2e                xTaskResumeAll
 .text.vTaskDelay
                0x00002c26       0x32 FreeRTOS/src/tasks.o
                0x00002c26                vTaskDelay
 .text.vTaskSwitchContext
                0x00002c58       0xfe FreeRTOS/src/tasks.o
                0x00002c58                vTaskSwitchContext
 .text.vTaskPlaceOnEventList
                0x00002d56       0x2e FreeRTOS/src/tasks.o
                0x00002d56                vTaskPlaceOnEventList
 .text.vTaskPlaceOnUnorderedEventList
                0x00002d84       0x48 FreeRTOS/src/tasks.o
                0x00002d84                vTaskPlaceOnUnorderedEventList
 .text.vTaskPlaceOnEventListRestricted
                0x00002dcc       0x40 FreeRTOS/src/tasks.o
                0x00002dcc                vTaskPlaceOnEventListRestricted
 .text.xTaskRemoveFromEventList
                0x00002e0c       0x84 FreeRTOS/src/tasks.o
                0x00002e0c                xTaskRemoveFromEventList
 .text.vTaskRemoveFromUnorderedEventList
                0x00002e90       0x68 FreeRTOS/src/tasks.o
                0x00002e90                vTaskRemoveFromUnorderedEventList
 .text.vTaskSetTimeOutState
                0x00002ef8       0x2c FreeRTOS/src/tasks.o
                0x00002ef8                vTaskSetTimeOutState
 .text.vTaskInternalSetTimeOutState
                0x00002f24       0x22 FreeRTOS/src/tasks.o
                0x00002f24                vTaskInternalSetTimeOutState
 .text.xTaskCheckForTimeOut
                0x00002f46       0xaa FreeRTOS/src/tasks.o
                0x00002f46                xTaskCheckForTimeOut
 .text.vTaskMissedYield
                0x00002ff0        0x8 FreeRTOS/src/tasks.o
                0x00002ff0                vTaskMissedYield
 .text.xTaskGetCurrentTaskHandle
                0x00002ff8        0xa FreeRTOS/src/tasks.o
                0x00002ff8                xTaskGetCurrentTaskHandle
 .text.xTaskGetSchedulerState
                0x00003002       0x1c FreeRTOS/src/tasks.o
                0x00003002                xTaskGetSchedulerState
 .text.xTaskPriorityInherit
                0x0000301e       0xdc FreeRTOS/src/tasks.o
                0x0000301e                xTaskPriorityInherit
 .text.xTaskPriorityDisinherit
                0x000030fa       0x80 FreeRTOS/src/tasks.o
                0x000030fa                xTaskPriorityDisinherit
 .text.vTaskPriorityDisinheritAfterTimeout
                0x0000317a       0x98 FreeRTOS/src/tasks.o
                0x0000317a                vTaskPriorityDisinheritAfterTimeout
 .text.uxTaskResetEventItemValue
                0x00003212       0x50 FreeRTOS/src/tasks.o
                0x00003212                uxTaskResetEventItemValue
 .text.pvTaskIncrementMutexHeldCount
                0x00003262       0x24 FreeRTOS/src/tasks.o
                0x00003262                pvTaskIncrementMutexHeldCount
 .text.xTaskNotifyWait
                0x00003286      0x114 FreeRTOS/src/tasks.o
                0x00003286                xTaskNotifyWait
 .text.xTaskGenericNotify
                0x0000339a       0xf0 FreeRTOS/src/tasks.o
                0x0000339a                xTaskGenericNotify
 .text.xTaskGenericNotifyFromISR
                0x0000348a      0x112 FreeRTOS/src/tasks.o
                0x0000348a                xTaskGenericNotifyFromISR
 .text.xTaskNotifyStateClear
                0x0000359c       0x28 FreeRTOS/src/tasks.o
                0x0000359c                xTaskNotifyStateClear
 .text.prvInsertTimerInActiveList
                0x000035c4       0x92 FreeRTOS/src/timers.o
 .text.prvCheckForValidListAndQueue
                0x00003656       0x52 FreeRTOS/src/timers.o
 .text.xTimerCreateTimerTask
                0x000036a8       0x42 FreeRTOS/src/timers.o
                0x000036a8                xTimerCreateTimerTask
 .text.xTimerGenericCommand
                0x000036ea       0xbc FreeRTOS/src/timers.o
                0x000036ea                xTimerGenericCommand
 .text.prvSampleTimeNow
                0x000037a6      0x12c FreeRTOS/src/timers.o
 .text.vApplicationIdleHook
                0x000038d2        0x2 FreeRTOS/src/variantHooks.o
                0x000038d2                vApplicationIdleHook
 .text.vApplicationMallocFailedHook
                0x000038d4       0x1a FreeRTOS/src/variantHooks.o
                0x000038d4                vApplicationMallocFailedHook
 .text.vApplicationStackOverflowHook
                0x000038ee       0x1a FreeRTOS/src/variantHooks.o
                0x000038ee                vApplicationStackOverflowHook
 .text.create_tasks_and_semaphores
                0x00003908      0x112 main.o
                0x00003908                create_tasks_and_semaphores
 .text.initialiseSystem
                0x00003a1a       0x20 main.o
                0x00003a1a                initialiseSystem
 .text.main     0x00003a3a       0x12 main.o
                0x00003a3a                main
 .text.hal_create
                0x00003a4c       0x64 ../drivers\libIotLibrary.a(hal.o)
                0x00003a4c                hal_create
 .text._hihTwiCallback
                0x00003ab0       0x5a ../drivers\libIotLibrary.a(hih8120.o)
 .text.hih8120Create
                0x00003b0a       0x30 ../drivers\libIotLibrary.a(hih8120.o)
                0x00003b0a                hih8120Create
 .text.hih8120IsReady
                0x00003b3a        0x6 ../drivers\libIotLibrary.a(hih8120.o)
                0x00003b3a                hih8120IsReady
 .text.hih8120Wakeup
                0x00003b40       0x2a ../drivers\libIotLibrary.a(hih8120.o)
                0x00003b40                hih8120Wakeup
 .text.hih8120Meassure
                0x00003b6a       0x22 ../drivers\libIotLibrary.a(hih8120.o)
                0x00003b6a                hih8120Meassure
 .text.hih8120GetHumidity
                0x00003b8c       0x2a ../drivers\libIotLibrary.a(hih8120.o)
                0x00003b8c                hih8120GetHumidity
 .text.hih8120GetHumidityPercent_x10
                0x00003bb6       0x16 ../drivers\libIotLibrary.a(hih8120.o)
                0x00003bb6                hih8120GetHumidityPercent_x10
 .text.hih8120GetTemperature
                0x00003bcc       0x36 ../drivers\libIotLibrary.a(hih8120.o)
                0x00003bcc                hih8120GetTemperature
 .text.hih8120GetTemperature_x10
                0x00003c02       0x16 ../drivers\libIotLibrary.a(hih8120.o)
                0x00003c02                hih8120GetTemperature_x10
 .text._turn_off
                0x00003c18       0x5c ../drivers\libIotLibrary.a(led.o)
 .text._turn_on
                0x00003c74       0x5c ../drivers\libIotLibrary.a(led.o)
 .text._hal_led_task
                0x00003cd0       0x84 ../drivers\libIotLibrary.a(led.o)
 .text.led_create
                0x00003d54      0x10a ../drivers\libIotLibrary.a(led.o)
                0x00003d54                led_create
 .text.led_slow_blink
                0x00003e5e       0x4e ../drivers\libIotLibrary.a(led.o)
                0x00003e5e                led_slow_blink
 .text.led_fast_blink
                0x00003eac       0x4e ../drivers\libIotLibrary.a(led.o)
                0x00003eac                led_fast_blink
 .text.led_led_on
                0x00003efa       0x1e ../drivers\libIotLibrary.a(led.o)
                0x00003efa                led_led_on
 .text.led_led_off
                0x00003f18       0x1e ../drivers\libIotLibrary.a(led.o)
                0x00003f18                led_led_off
 .text.led_long_puls
                0x00003f36       0x24 ../drivers\libIotLibrary.a(led.o)
                0x00003f36                led_long_puls
 .text.led_short_puls
                0x00003f5a       0x24 ../drivers\libIotLibrary.a(led.o)
                0x00003f5a                led_short_puls
 .text._serial_call_back
                0x00003f7e       0x8c ../drivers\libIotLibrary.a(lora_driver.o)
 .text._upload_message
                0x0000400a       0xb4 ../drivers\libIotLibrary.a(lora_driver.o)
 .text._reply2return_code
                0x000040be       0xea ../drivers\libIotLibrary.a(lora_driver.o)
 .text._upload_message_rc
                0x000041a8        0x6 ../drivers\libIotLibrary.a(lora_driver.o)
 .text.lora_driver_flush_buffers
                0x000041ae        0xe ../drivers\libIotLibrary.a(lora_driver.o)
                0x000041ae                lora_driver_flush_buffers
 .text.lora_driver_create
                0x000041bc       0x86 ../drivers\libIotLibrary.a(lora_driver.o)
                0x000041bc                lora_driver_create
 .text.lora_driver_reset_rn2483
                0x00004242       0x28 ../drivers\libIotLibrary.a(lora_driver.o)
                0x00004242                lora_driver_reset_rn2483
 .text.lora_driver_rn2483_factory_reset
                0x0000426a       0x24 ../drivers\libIotLibrary.a(lora_driver.o)
                0x0000426a                lora_driver_rn2483_factory_reset
 .text.lora_driver_get_rn2483_hweui
                0x0000428e       0x38 ../drivers\libIotLibrary.a(lora_driver.o)
                0x0000428e                lora_driver_get_rn2483_hweui
 .text.lora_driver_set_device_identifier
                0x000042c6       0x22 ../drivers\libIotLibrary.a(lora_driver.o)
                0x000042c6                lora_driver_set_device_identifier
 .text.lora_driver_set_application_identifier
                0x000042e8       0x22 ../drivers\libIotLibrary.a(lora_driver.o)
                0x000042e8                lora_driver_set_application_identifier
 .text.lora_driver_set_application_key
                0x0000430a       0x22 ../drivers\libIotLibrary.a(lora_driver.o)
                0x0000430a                lora_driver_set_application_key
 .text.lora_driver_save_mac
                0x0000432c        0xc ../drivers\libIotLibrary.a(lora_driver.o)
                0x0000432c                lora_driver_save_mac
 .text.lora_driver_join
                0x00004338       0x52 ../drivers\libIotLibrary.a(lora_driver.o)
                0x00004338                lora_driver_join
 .text.lora_driver_sent_upload_message
                0x0000438a      0x196 ../drivers\libIotLibrary.a(lora_driver.o)
                0x0000438a                lora_driver_sent_upload_message
 .text.lora_driver_set_adaptive_data_rate
                0x00004520       0x16 ../drivers\libIotLibrary.a(lora_driver.o)
                0x00004520                lora_driver_set_adaptive_data_rate
 .text.lora_driver_set_receive_delay
                0x00004536       0x30 ../drivers\libIotLibrary.a(lora_driver.o)
                0x00004536                lora_driver_set_receive_delay
 .text.lora_driver_configure_to_eu868
                0x00004566      0x1bc ../drivers\libIotLibrary.a(lora_driver.o)
                0x00004566                lora_driver_configure_to_eu868
 .text.lora_driver_set_otaa_identity
                0x00004722       0x42 ../drivers\libIotLibrary.a(lora_driver.o)
                0x00004722                lora_driver_set_otaa_identity
 .text.lora_driver_map_return_code_to_text
                0x00004764       0x18 ../drivers\libIotLibrary.a(lora_driver.o)
                0x00004764                lora_driver_map_return_code_to_text
 .text.decode_port_no
                0x0000477c       0x58 ../drivers\libIotLibrary.a(lora_driver_utils.o)
                0x0000477c                decode_port_no
 .text.decode_hexadecimal_string_bytes
                0x000047d4       0x92 ../drivers\libIotLibrary.a(lora_driver_utils.o)
                0x000047d4                decode_hexadecimal_string_bytes
 .text.reg_read_register
                0x00004866        0x6 ../drivers\libIotLibrary.a(mega_register_access.o)
                0x00004866                reg_read_register
 .text.reg_read_bit
                0x0000486c       0x16 ../drivers\libIotLibrary.a(mega_register_access.o)
                0x0000486c                reg_read_bit
 .text.reg_read_bits
                0x00004882        0x8 ../drivers\libIotLibrary.a(mega_register_access.o)
                0x00004882                reg_read_bits
 .text.reg_set_register
                0x0000488a        0x6 ../drivers\libIotLibrary.a(mega_register_access.o)
                0x0000488a                reg_set_register
 .text.reg_clear_register
                0x00004890        0x6 ../drivers\libIotLibrary.a(mega_register_access.o)
                0x00004890                reg_clear_register
 .text.reg_set_bit
                0x00004896       0x18 ../drivers\libIotLibrary.a(mega_register_access.o)
                0x00004896                reg_set_bit
 .text.reg_set_bits
                0x000048ae        0xa ../drivers\libIotLibrary.a(mega_register_access.o)
                0x000048ae                reg_set_bits
 .text.reg_toggle_bit
                0x000048b8       0x18 ../drivers\libIotLibrary.a(mega_register_access.o)
                0x000048b8                reg_toggle_bit
 .text.reg_toggle_bits
                0x000048d0        0xa ../drivers\libIotLibrary.a(mega_register_access.o)
                0x000048d0                reg_toggle_bits
 .text.reg_clear_bit
                0x000048da       0x1a ../drivers\libIotLibrary.a(mega_register_access.o)
                0x000048da                reg_clear_bit
 .text.reg_clear_bits
                0x000048f4        0xc ../drivers\libIotLibrary.a(mega_register_access.o)
                0x000048f4                reg_clear_bits
 .text.serial_new_instance
                0x00004900      0x12c ../drivers\libIotLibrary.a(serial.o)
                0x00004900                serial_new_instance
 .text.serial_send_byte
                0x00004a2c       0x4a ../drivers\libIotLibrary.a(serial.o)
                0x00004a2c                serial_send_byte
 .text.serial_send_bytes
                0x00004a76       0xa0 ../drivers\libIotLibrary.a(serial.o)
                0x00004a76                serial_send_bytes
 .text.serial_get_byte
                0x00004b16       0x38 ../drivers\libIotLibrary.a(serial.o)
                0x00004b16                serial_get_byte
 .text.__vector_25
                0x00004b4e       0xa4 ../drivers\libIotLibrary.a(serial.o)
                0x00004b4e                __vector_25
 .text.__vector_26
                0x00004bf2       0x88 ../drivers\libIotLibrary.a(serial.o)
                0x00004bf2                __vector_26
 .text.__vector_36
                0x00004c7a       0xa4 ../drivers\libIotLibrary.a(serial.o)
                0x00004c7a                __vector_36
 .text.__vector_37
                0x00004d1e       0x88 ../drivers\libIotLibrary.a(serial.o)
                0x00004d1e                __vector_37
 .text.__vector_51
                0x00004da6       0xa4 ../drivers\libIotLibrary.a(serial.o)
                0x00004da6                __vector_51
 .text.__vector_52
                0x00004e4a       0x88 ../drivers\libIotLibrary.a(serial.o)
                0x00004e4a                __vector_52
 .text.__vector_54
                0x00004ed2       0xa4 ../drivers\libIotLibrary.a(serial.o)
                0x00004ed2                __vector_54
 .text.__vector_55
                0x00004f76       0x88 ../drivers\libIotLibrary.a(serial.o)
                0x00004f76                __vector_55
 .text.usart_getchar
                0x00004ffe       0x2a ../drivers\libIotLibrary.a(stdio_driver.o)
 .text.usart_putchar
                0x00005028       0x12 ../drivers\libIotLibrary.a(stdio_driver.o)
 .text.stdioCreate
                0x0000503a       0x52 ../drivers\libIotLibrary.a(stdio_driver.o)
                0x0000503a                stdioCreate
 .text._initTwiInterface
                0x0000508c       0x22 ../drivers\libIotLibrary.a(twi.o)
 .text.twiCreate
                0x000050ae       0x9a ../drivers\libIotLibrary.a(twi.o)
                0x000050ae                twiCreate
 .text.twiIsBusy
                0x00005148        0x8 ../drivers\libIotLibrary.a(twi.o)
                0x00005148                twiIsBusy
 .text.twiTransmit
                0x00005150       0x98 ../drivers\libIotLibrary.a(twi.o)
                0x00005150                twiTransmit
 .text.twiReceive
                0x000051e8       0x66 ../drivers\libIotLibrary.a(twi.o)
                0x000051e8                twiReceive
 .text.__vector_39
                0x0000524e      0x17a ../drivers\libIotLibrary.a(twi.o)
                0x0000524e                __vector_39
 .text.fifo_init
                0x000053c8       0x38 ../drivers\libIotLibrary.a(fifo.o)
                0x000053c8                fifo_init
 .text.avr-libc.fplib
                0x00005400        0xa c:/program files (x86)/atmel/studio/7.0/toolchain/avr8/avr8-gnu-toolchain/bin/../lib/gcc/avr/5.4.0/../../../../avr/lib/avr6\libm.a(addsf3.o)
                0x00005400                __subsf3
                0x00005402                __addsf3
 .text.avr-libc.fplib
                0x0000540a       0xc0 c:/program files (x86)/atmel/studio/7.0/toolchain/avr8/avr8-gnu-toolchain/bin/../lib/gcc/avr/5.4.0/../../../../avr/lib/avr6\libm.a(addsf3x.o)
                0x00005424                __addsf3x
 .text.avr-libc.fplib
                0x000054ca        0x4 c:/program files (x86)/atmel/studio/7.0/toolchain/avr8/avr8-gnu-toolchain/bin/../lib/gcc/avr/5.4.0/../../../../avr/lib/avr6\libm.a(divsf3.o)
                0x000054ca                __divsf3
 .text.avr-libc.fplib
                0x000054ce       0xcc c:/program files (x86)/atmel/studio/7.0/toolchain/avr8/avr8-gnu-toolchain/bin/../lib/gcc/avr/5.4.0/../../../../avr/lib/avr6\libm.a(divsf3x.o)
                0x000054e4                __divsf3x
                0x000054e8                __divsf3_pse
 .text.avr-libc.fplib
                0x0000559a        0xa c:/program files (x86)/atmel/studio/7.0/toolchain/avr8/avr8-gnu-toolchain/bin/../lib/gcc/avr/5.4.0/../../../../avr/lib/avr6\libm.a(fixsfsi.o)
                0x0000559a                __fixsfsi
 .text.avr-libc.fplib
                0x000055a4       0x58 c:/program files (x86)/atmel/studio/7.0/toolchain/avr8/avr8-gnu-toolchain/bin/../lib/gcc/avr/5.4.0/../../../../avr/lib/avr6\libm.a(fixunssfsi.o)
                0x000055a4                __fixunssfsi
 .text.avr-libc.fplib
                0x000055fc       0x7a c:/program files (x86)/atmel/studio/7.0/toolchain/avr8/avr8-gnu-toolchain/bin/../lib/gcc/avr/5.4.0/../../../../avr/lib/avr6\libm.a(floatsisf.o)
                0x000055fc                __floatunsisf
                0x00005600                __floatsisf
 .text.avr-libc.fplib
                0x00005676        0xc c:/program files (x86)/atmel/studio/7.0/toolchain/avr8/avr8-gnu-toolchain/bin/../lib/gcc/avr/5.4.0/../../../../avr/lib/avr6\libm.a(fp_inf.o)
                0x00005676                __fp_inf
 .text.avr-libc.fplib
                0x00005682        0x6 c:/program files (x86)/atmel/studio/7.0/toolchain/avr8/avr8-gnu-toolchain/bin/../lib/gcc/avr/5.4.0/../../../../avr/lib/avr6\libm.a(fp_nan.o)
                0x00005682                __fp_nan
 .text.avr-libc.fplib
                0x00005688        0xe c:/program files (x86)/atmel/studio/7.0/toolchain/avr8/avr8-gnu-toolchain/bin/../lib/gcc/avr/5.4.0/../../../../avr/lib/avr6\libm.a(fp_pscA.o)
                0x00005688                __fp_pscA
 .text.avr-libc.fplib
                0x00005696        0xe c:/program files (x86)/atmel/studio/7.0/toolchain/avr8/avr8-gnu-toolchain/bin/../lib/gcc/avr/5.4.0/../../../../avr/lib/avr6\libm.a(fp_pscB.o)
                0x00005696                __fp_pscB
 .text.avr-libc.fplib
                0x000056a4       0x22 c:/program files (x86)/atmel/studio/7.0/toolchain/avr8/avr8-gnu-toolchain/bin/../lib/gcc/avr/5.4.0/../../../../avr/lib/avr6\libm.a(fp_round.o)
                0x000056a4                __fp_round
 .text.avr-libc.fplib
                0x000056c6       0x44 c:/program files (x86)/atmel/studio/7.0/toolchain/avr8/avr8-gnu-toolchain/bin/../lib/gcc/avr/5.4.0/../../../../avr/lib/avr6\libm.a(fp_split3.o)
                0x000056c6                __fp_split3
                0x000056d6                __fp_splitA
 .text.avr-libc.fplib
                0x0000570a        0xe c:/program files (x86)/atmel/studio/7.0/toolchain/avr8/avr8-gnu-toolchain/bin/../lib/gcc/avr/5.4.0/../../../../avr/lib/avr6\libm.a(fp_zero.o)
                0x0000570a                __fp_zero
                0x0000570c                __fp_szero
 .text.avr-libc.fplib
                0x00005718        0x4 c:/program files (x86)/atmel/studio/7.0/toolchain/avr8/avr8-gnu-toolchain/bin/../lib/gcc/avr/5.4.0/../../../../avr/lib/avr6\libm.a(mulsf3.o)
                0x00005718                __mulsf3
 .text.avr-libc.fplib
                0x0000571c       0xc2 c:/program files (x86)/atmel/studio/7.0/toolchain/avr8/avr8-gnu-toolchain/bin/../lib/gcc/avr/5.4.0/../../../../avr/lib/avr6\libm.a(mulsf3x.o)
                0x00005730                __mulsf3x
                0x00005734                __mulsf3_pse
 .text.libgcc.div
                0x000057de       0x44 c:/program files (x86)/atmel/studio/7.0/toolchain/avr8/avr8-gnu-toolchain/bin/../lib/gcc/avr/5.4.0/avr6\libgcc.a(_udivmodsi4.o)
                0x000057de                __udivmodsi4
 .text.libgcc   0x00005822       0x10 c:/program files (x86)/atmel/studio/7.0/toolchain/avr8/avr8-gnu-toolchain/bin/../lib/gcc/avr/5.4.0/avr6\libgcc.a(_tablejump2.o)
                0x00005822                __tablejump2__
 .text.avr-libc
                0x00005832       0x34 c:/program files (x86)/atmel/studio/7.0/toolchain/avr8/avr8-gnu-toolchain/bin/../lib/gcc/avr/5.4.0/../../../../avr/lib/avr6\libc.a(calloc.o)
                0x00005832                calloc
 .text.avr-libc
                0x00005866      0x242 c:/program files (x86)/atmel/studio/7.0/toolchain/avr8/avr8-gnu-toolchain/bin/../lib/gcc/avr/5.4.0/../../../../avr/lib/avr6\libc.a(malloc.o)
                0x00005866                malloc
                0x00005996                free
 .text.avr-libc
                0x00005aa8        0x8 c:/program files (x86)/atmel/studio/7.0/toolchain/avr8/avr8-gnu-toolchain/bin/../lib/gcc/avr/5.4.0/../../../../avr/lib/avr6\libc.a(abort.o)
                0x00005aa8                abort
 .text.avr-libc
                0x00005ab0       0x12 c:/program files (x86)/atmel/studio/7.0/toolchain/avr8/avr8-gnu-toolchain/bin/../lib/gcc/avr/5.4.0/../../../../avr/lib/avr6\libc.a(memcpy.o)
                0x00005ab0                memcpy
 .text.avr-libc
                0x00005ac2        0xe c:/program files (x86)/atmel/studio/7.0/toolchain/avr8/avr8-gnu-toolchain/bin/../lib/gcc/avr/5.4.0/../../../../avr/lib/avr6\libc.a(memset.o)
                0x00005ac2                memset
 .text.avr-libc
                0x00005ad0       0x4a c:/program files (x86)/atmel/studio/7.0/toolchain/avr8/avr8-gnu-toolchain/bin/../lib/gcc/avr/5.4.0/../../../../avr/lib/avr6\libc.a(strcasestr.o)
                0x00005ad0                strcasestr
 .text.avr-libc
                0x00005b1a       0x16 c:/program files (x86)/atmel/studio/7.0/toolchain/avr8/avr8-gnu-toolchain/bin/../lib/gcc/avr/5.4.0/../../../../avr/lib/avr6\libc.a(strcat.o)
                0x00005b1a                strcat
 .text.avr-libc
                0x00005b30        0xe c:/program files (x86)/atmel/studio/7.0/toolchain/avr8/avr8-gnu-toolchain/bin/../lib/gcc/avr/5.4.0/../../../../avr/lib/avr6\libc.a(strcpy.o)
                0x00005b30                strcpy
 .text.avr-libc
                0x00005b3e       0x30 c:/program files (x86)/atmel/studio/7.0/toolchain/avr8/avr8-gnu-toolchain/bin/../lib/gcc/avr/5.4.0/../../../../avr/lib/avr6\libc.a(strncasecmp.o)
                0x00005b3e                strncasecmp
 .text.avr-libc
                0x00005b6e       0x26 c:/program files (x86)/atmel/studio/7.0/toolchain/avr8/avr8-gnu-toolchain/bin/../lib/gcc/avr/5.4.0/../../../../avr/lib/avr6\libc.a(printf.o)
                0x00005b6e                printf
 .text.avr-libc
                0x00005b94       0x60 c:/program files (x86)/atmel/studio/7.0/toolchain/avr8/avr8-gnu-toolchain/bin/../lib/gcc/avr/5.4.0/../../../../avr/lib/avr6\libc.a(puts.o)
                0x00005b94                puts
 .text.avr-libc
                0x00005bf4       0x5c c:/program files (x86)/atmel/studio/7.0/toolchain/avr8/avr8-gnu-toolchain/bin/../lib/gcc/avr/5.4.0/../../../../avr/lib/avr6\libc.a(sprintf.o)
                0x00005bf4                sprintf
 .text.avr-libc
                0x00005c50      0x3fa c:/program files (x86)/atmel/studio/7.0/toolchain/avr8/avr8-gnu-toolchain/bin/../lib/gcc/avr/5.4.0/../../../../avr/lib/avr6\libc.a(vfprintf_std.o)
                0x00005c50                vfprintf
 .text.avr-libc
                0x0000604a       0x16 c:/program files (x86)/atmel/studio/7.0/toolchain/avr8/avr8-gnu-toolchain/bin/../lib/gcc/avr/5.4.0/../../../../avr/lib/avr6\libc.a(strnlen_P.o)
                0x0000604a                strnlen_P
 .text.avr-libc
                0x00006060       0x16 c:/program files (x86)/atmel/studio/7.0/toolchain/avr8/avr8-gnu-toolchain/bin/../lib/gcc/avr/5.4.0/../../../../avr/lib/avr6\libc.a(strnlen.o)
                0x00006060                strnlen
 .text.avr-libc
                0x00006076       0x78 c:/program files (x86)/atmel/studio/7.0/toolchain/avr8/avr8-gnu-toolchain/bin/../lib/gcc/avr/5.4.0/../../../../avr/lib/avr6\libc.a(fputc.o)
                0x00006076                fputc
 .text.avr-libc
                0x000060ee       0xbc c:/program files (x86)/atmel/studio/7.0/toolchain/avr8/avr8-gnu-toolchain/bin/../lib/gcc/avr/5.4.0/../../../../avr/lib/avr6\libc.a(ultoa_invert.o)
                0x000060ee                __ultoa_invert
                0x000061aa                . = ALIGN (0x2)
 *(.fini9)
 .fini9         0x000061aa        0x0 c:/program files (x86)/atmel/studio/7.0/toolchain/avr8/avr8-gnu-toolchain/bin/../lib/gcc/avr/5.4.0/avr6\libgcc.a(_exit.o)
                0x000061aa                _exit
                0x000061aa                exit
 *(.fini9)
 *(.fini8)
 *(.fini8)
 *(.fini7)
 *(.fini7)
 *(.fini6)
 *(.fini6)
 *(.fini5)
 *(.fini5)
 *(.fini4)
 *(.fini4)
 *(.fini3)
 *(.fini3)
 *(.fini2)
 *(.fini2)
 *(.fini1)
 *(.fini1)
 *(.fini0)
 .fini0         0x000061aa        0x4 c:/program files (x86)/atmel/studio/7.0/toolchain/avr8/avr8-gnu-toolchain/bin/../lib/gcc/avr/5.4.0/avr6\libgcc.a(_exit.o)
 *(.fini0)
                0x000061ae                _etext = .

.data           0x00800200      0x5fe load address 0x000061ae
                0x00800200                PROVIDE (__data_start, .)
 *(.data)
 .data          0x00800200        0x6 c:/program files (x86)/atmel/studio/7.0/toolchain/avr8/avr8-gnu-toolchain/bin/../lib/gcc/avr/5.4.0/../../../../avr/lib/avr6\libc.a(malloc.o)
                0x00800200                __malloc_heap_end
                0x00800202                __malloc_heap_start
                0x00800204                __malloc_margin
 *(.data*)
 .data._temp    0x00800206        0x2 ../drivers\libIotLibrary.a(hih8120.o)
 .data._hum     0x00800208        0x2 ../drivers\libIotLibrary.a(hih8120.o)
 .data._com_port_2_udr
                0x0080020a        0x8 ../drivers\libIotLibrary.a(serial.o)
                0x0080020a                _com_port_2_udr
 .data.mystdout.1881
                0x00800212        0xe ../drivers\libIotLibrary.a(stdio_driver.o)
 .data._twiCurrentState
                0x00800220        0x1 ../drivers\libIotLibrary.a(twi.o)
 *(.gnu.linkonce.d*)
 *(.rodata)
 .rodata        0x00800221       0x20 ../drivers\libIotLibrary.a(lora_driver.o)
 *(.rodata*)
 .rodata.str1.1
                0x00800241       0x22 co2Reader.o
 .rodata.str1.1
                0x00800263       0x6a device.o
 .rodata.str1.1
                0x008002cd       0x6e humidityAndTemperature.o
 .rodata.str1.1
                0x0080033b      0x1cf UpLinkHandler.o
 .rodata.str1.1
                0x0080050a        0x5 FreeRTOS/src/tasks.o
 .rodata.str1.1
                0x0080050f        0x8 FreeRTOS/src/timers.o
 .rodata.str1.1
                0x00800517       0x12 main.o
 .rodata.str1.1
                0x00800529        0x8 ../drivers\libIotLibrary.a(led.o)
 .rodata.str1.1
                0x00800531      0x295 ../drivers\libIotLibrary.a(lora_driver.o)
                                0x2a5 (size before relaxing)
 .rodata._join_mode
                0x008007c6        0x4 ../drivers\libIotLibrary.a(lora_driver.o)
 .rodata._return_code
                0x008007ca       0x33 ../drivers\libIotLibrary.a(lora_driver.o)
                0x008007ca                _return_code
 *(.gnu.linkonce.r*)
                0x008007fe                . = ALIGN (0x2)
 *fill*         0x008007fd        0x1 
                0x008007fe                _edata = .
                0x008007fe                PROVIDE (__data_end, .)

.bss            0x008007fe     0x1294
                0x008007fe                PROVIDE (__bss_start, .)
 *(.bss)
 *(.bss*)
 .bss._readyBit
                0x008007fe        0x4 co2Reader.o
 .bss._readyEventGroup
                0x00800802        0x2 co2Reader.o
 .bss._startMeasureBit
                0x00800804        0x4 co2Reader.o
 .bss._startMeasureEventGroup
                0x00800808        0x2 co2Reader.o
 .bss._semaphore
                0x0080080a        0x2 Configuration.o
 .bss._ventilation
                0x0080080c        0x1 Configuration.o
 .bss._working  0x0080080d        0x1 Configuration.o
 .bss._uplink_payload
                0x0080080e       0x16 device.o
 .bss._uplinkmessageBuffer
                0x00800824        0x2 device.o
 .bss._readyBit
                0x00800826        0x4 device.o
 .bss._readyEventGroup
                0x0080082a        0x2 device.o
 .bss._startMeasureBit
                0x0080082c        0x4 device.o
 .bss._startMeasureEventGroup
                0x00800830        0x2 device.o
 .bss._readyBit
                0x00800832        0x4 humidityAndTemperature.o
 .bss._readyEventGroup
                0x00800836        0x2 humidityAndTemperature.o
 .bss._startMeasureBit
                0x00800838        0x4 humidityAndTemperature.o
 .bss._startMeasureEventGroup
                0x0080083c        0x2 humidityAndTemperature.o
 .bss.isSet     0x0080083e        0x1 UpLinkHandler.o
 .bss._uplink_payload
                0x0080083f       0x16 UpLinkHandler.o
 .bss._out_buf  0x00800855       0x64 UpLinkHandler.o
 .bss.xBlockAllocatedBit
                0x008008b9        0x2 FreeRTOS/src/heap_4.o
 .bss.xMinimumEverFreeBytesRemaining
                0x008008bb        0x2 FreeRTOS/src/heap_4.o
 .bss.xFreeBytesRemaining
                0x008008bd        0x2 FreeRTOS/src/heap_4.o
 .bss.pxEnd     0x008008bf        0x2 FreeRTOS/src/heap_4.o
 .bss.xStart    0x008008c1        0x4 FreeRTOS/src/heap_4.o
 .bss.ucHeap    0x008008c5      0xfa0 FreeRTOS/src/heap_4.o
 .bss.uxSchedulerSuspended
                0x00801865        0x1 FreeRTOS/src/tasks.o
 .bss.xIdleTaskHandle
                0x00801866        0x2 FreeRTOS/src/tasks.o
 .bss.xNextTaskUnblockTime
                0x00801868        0x4 FreeRTOS/src/tasks.o
 .bss.uxTaskNumber
                0x0080186c        0x1 FreeRTOS/src/tasks.o
 .bss.xNumOfOverflows
                0x0080186d        0x1 FreeRTOS/src/tasks.o
 .bss.xYieldPending
                0x0080186e        0x1 FreeRTOS/src/tasks.o
 .bss.uxPendedTicks
                0x0080186f        0x1 FreeRTOS/src/tasks.o
 .bss.xSchedulerRunning
                0x00801870        0x1 FreeRTOS/src/tasks.o
 .bss.uxTopReadyPriority
                0x00801871        0x1 FreeRTOS/src/tasks.o
 .bss.xTickCount
                0x00801872        0x4 FreeRTOS/src/tasks.o
 .bss.uxCurrentNumberOfTasks
                0x00801876        0x1 FreeRTOS/src/tasks.o
 .bss.xSuspendedTaskList
                0x00801877        0xb FreeRTOS/src/tasks.o
 .bss.uxDeletedTasksWaitingCleanUp
                0x00801882        0x1 FreeRTOS/src/tasks.o
 .bss.xTasksWaitingTermination
                0x00801883        0xb FreeRTOS/src/tasks.o
 .bss.xPendingReadyList
                0x0080188e        0xb FreeRTOS/src/tasks.o
 .bss.pxOverflowDelayedTaskList
                0x00801899        0x2 FreeRTOS/src/tasks.o
 .bss.pxDelayedTaskList
                0x0080189b        0x2 FreeRTOS/src/tasks.o
 .bss.xDelayedTaskList2
                0x0080189d        0xb FreeRTOS/src/tasks.o
 .bss.xDelayedTaskList1
                0x008018a8        0xb FreeRTOS/src/tasks.o
 .bss.pxReadyTasksLists
                0x008018b3       0x2c FreeRTOS/src/tasks.o
 .bss.pxCurrentTCB
                0x008018df        0x2 FreeRTOS/src/tasks.o
                0x008018df                pxCurrentTCB
 .bss.xLastTime.2432
                0x008018e1        0x4 FreeRTOS/src/timers.o
 .bss.xTimerTaskHandle
                0x008018e5        0x2 FreeRTOS/src/timers.o
 .bss.xTimerQueue
                0x008018e7        0x2 FreeRTOS/src/timers.o
 .bss.pxOverflowTimerList
                0x008018e9        0x2 FreeRTOS/src/timers.o
 .bss.pxCurrentTimerList
                0x008018eb        0x2 FreeRTOS/src/timers.o
 .bss.xActiveTimerList2
                0x008018ed        0xb FreeRTOS/src/timers.o
 .bss.xActiveTimerList1
                0x008018f8        0xb FreeRTOS/src/timers.o
 .bss._measuringIsReady
                0x00801903        0x1 ../drivers\libIotLibrary.a(hih8120.o)
 .bss._hih8120Handler
                0x00801904        0x2 ../drivers\libIotLibrary.a(hih8120.o)
 .bss._led_status
                0x00801906       0x18 ../drivers\libIotLibrary.a(led.o)
 .bss._tmp_buf.2940
                0x0080191e       0x64 ../drivers\libIotLibrary.a(lora_driver.o)
 .bss.rec_buf_inp.2947
                0x00801982        0x1 ../drivers\libIotLibrary.a(lora_driver.o)
 .bss._downlinkMessageBuffer
                0x00801983        0x2 ../drivers\libIotLibrary.a(lora_driver.o)
 .bss._serial_reply_buffer_handle
                0x00801985        0x2 ../drivers\libIotLibrary.a(lora_driver.o)
 .bss._rn2483_serial
                0x00801987        0x2 ../drivers\libIotLibrary.a(lora_driver.o)
 .bss._downlink_payload
                0x00801989       0x16 ../drivers\libIotLibrary.a(lora_driver.o)
 .bss._pay_load_hex_bytes
                0x0080199f       0x15 ../drivers\libIotLibrary.a(lora_driver.o)
 .bss._rec_message_buf
                0x008019b4       0x2d ../drivers\libIotLibrary.a(lora_driver.o)
 .bss._send_message
                0x008019e1       0x2d ../drivers\libIotLibrary.a(lora_driver.o)
 .bss._reply_mess
                0x00801a0e       0x2d ../drivers\libIotLibrary.a(lora_driver.o)
 .bss._ser_handle
                0x00801a3b        0x8 ../drivers\libIotLibrary.a(serial.o)
 .bss._com_serial_instance
                0x00801a43        0x2 ../drivers\libIotLibrary.a(stdio_driver.o)
 .bss._index.1885
                0x00801a45        0x1 ../drivers\libIotLibrary.a(twi.o)
 .bss._twiCurrentHandler
                0x00801a46        0x2 ../drivers\libIotLibrary.a(twi.o)
 .bss._twiMessageLen
                0x00801a48        0x1 ../drivers\libIotLibrary.a(twi.o)
 .bss._twiMessageBuffer
                0x00801a49        0xa ../drivers\libIotLibrary.a(twi.o)
 .bss._twiIsInitiated
                0x00801a53        0x1 ../drivers\libIotLibrary.a(twi.o)
 *(COMMON)
 COMMON         0x00801a54       0x1e main.o
                0x00801a54                xMessageBuffer
                0x00801a56                readyEventGroup
                0x00801a58                xTestSemaphore
                0x00801a5a                payload
                0x00801a70                startMeasureEventGroup
 COMMON         0x00801a72       0x16 ../drivers\libIotLibrary.a(hal.o)
                0x00801a72                register_access
 COMMON         0x00801a88        0x4 c:/program files (x86)/atmel/studio/7.0/toolchain/avr8/avr8-gnu-toolchain/bin/../lib/gcc/avr/5.4.0/../../../../avr/lib/avr6\libc.a(malloc.o)
                0x00801a88                __brkval
                0x00801a8a                __flp
 COMMON         0x00801a8c        0x6 c:/program files (x86)/atmel/studio/7.0/toolchain/avr8/avr8-gnu-toolchain/bin/../lib/gcc/avr/5.4.0/../../../../avr/lib/avr6\libc.a(iob.o)
                0x00801a8c                __iob
                0x00801a92                PROVIDE (__bss_end, .)
                0x000061ae                __data_load_start = LOADADDR (.data)
                0x000067ac                __data_load_end = (__data_load_start + SIZEOF (.data))

.noinit         0x00801a92        0x0
                [!provide]                PROVIDE (__noinit_start, .)
 *(.noinit*)
                [!provide]                PROVIDE (__noinit_end, .)
                0x00801a92                _end = .
                0x00801a92                PROVIDE (__heap_start, .)

.eeprom         0x00810000        0x0
 *(.eeprom*)
                0x00810000                __eeprom_end = .

.fuse
 *(.fuse)
 *(.lfuse)
 *(.hfuse)
 *(.efuse)

.lock
 *(.lock*)

.signature
 *(.signature*)

.user_signatures
 *(.user_signatures*)

.stab
 *(.stab)

.stabstr
 *(.stabstr)

.stab.excl
 *(.stab.excl)

.stab.exclstr
 *(.stab.exclstr)

.stab.index
 *(.stab.index)

.stab.indexstr
 *(.stab.indexstr)

.comment        0x00000000       0x8c
 *(.comment)
 .comment       0x00000000       0x30 co2Reader.o
                                 0x31 (size before relaxing)
 .comment       0x00000030       0x31 Configuration.o
 .comment       0x00000030       0x31 currentCondition.o
 .comment       0x00000030       0x31 device.o
 .comment       0x00000030       0x31 humidityAndTemperature.o
 .comment       0x00000030       0x31 UpLinkHandler.o
 .comment       0x00000030       0x31 FreeRTOS/FreeRTOSTraceDriver/FreeRTOSTraceDriver.o
 .comment       0x00000030       0x31 FreeRTOS/src/event_groups.o
 .comment       0x00000030       0x31 FreeRTOS/src/heap_4.o
 .comment       0x00000030       0x31 FreeRTOS/src/list.o
 .comment       0x00000030       0x31 FreeRTOS/src/port.o
 .comment       0x00000030       0x31 FreeRTOS/src/queue.o
 .comment       0x00000030       0x31 FreeRTOS/src/stream_buffer.o
 .comment       0x00000030       0x31 FreeRTOS/src/tasks.o
 .comment       0x00000030       0x31 FreeRTOS/src/timers.o
 .comment       0x00000030       0x31 FreeRTOS/src/variantHooks.o
 .comment       0x00000030       0x31 main.o
 .comment       0x00000030       0x30 ../drivers\libIotLibrary.a(hal.o)
                                 0x31 (size before relaxing)
 .comment       0x00000060       0x31 ../drivers\libIotLibrary.a(hih8120.o)
 .comment       0x00000060       0x31 ../drivers\libIotLibrary.a(led.o)
 .comment       0x00000060       0x31 ../drivers\libIotLibrary.a(lora_driver.o)
 .comment       0x00000060       0x31 ../drivers\libIotLibrary.a(lora_driver_utils.o)
 .comment       0x00000060       0x31 ../drivers\libIotLibrary.a(mega_register_access.o)
 .comment       0x00000060       0x31 ../drivers\libIotLibrary.a(serial.o)
 .comment       0x00000060       0x31 ../drivers\libIotLibrary.a(stdio_driver.o)
 .comment       0x00000060       0x31 ../drivers\libIotLibrary.a(twi.o)
 .comment       0x00000060       0x31 ../drivers\libIotLibrary.a(fifo.o)
 .comment       0x00000060       0x31 c:/program files (x86)/atmel/studio/7.0/toolchain/avr8/avr8-gnu-toolchain/bin/../lib/gcc/avr/5.4.0/../../../../avr/lib/avr6\libc.a(calloc.o)
 .comment       0x00000060       0x31 c:/program files (x86)/atmel/studio/7.0/toolchain/avr8/avr8-gnu-toolchain/bin/../lib/gcc/avr/5.4.0/../../../../avr/lib/avr6\libc.a(malloc.o)
 .comment       0x00000060       0x31 c:/program files (x86)/atmel/studio/7.0/toolchain/avr8/avr8-gnu-toolchain/bin/../lib/gcc/avr/5.4.0/../../../../avr/lib/avr6\libc.a(iob.o)
 .comment       0x00000060       0x31 c:/program files (x86)/atmel/studio/7.0/toolchain/avr8/avr8-gnu-toolchain/bin/../lib/gcc/avr/5.4.0/../../../../avr/lib/avr6\libc.a(printf.o)
 .comment       0x00000060       0x31 c:/program files (x86)/atmel/studio/7.0/toolchain/avr8/avr8-gnu-toolchain/bin/../lib/gcc/avr/5.4.0/../../../../avr/lib/avr6\libc.a(puts.o)
 .comment       0x00000060       0x31 c:/program files (x86)/atmel/studio/7.0/toolchain/avr8/avr8-gnu-toolchain/bin/../lib/gcc/avr/5.4.0/../../../../avr/lib/avr6\libc.a(sprintf.o)
 .comment       0x00000060       0x2c c:/program files (x86)/atmel/studio/7.0/toolchain/avr8/avr8-gnu-toolchain/bin/../lib/gcc/avr/5.4.0/../../../../avr/lib/avr6\libc.a(vfprintf_std.o)
                                 0x2d (size before relaxing)
 .comment       0x0000008c       0x31 c:/program files (x86)/atmel/studio/7.0/toolchain/avr8/avr8-gnu-toolchain/bin/../lib/gcc/avr/5.4.0/../../../../avr/lib/avr6\libc.a(fputc.o)

.note.gnu.avr.deviceinfo
                0x00000000       0x40
 .note.gnu.avr.deviceinfo
                0x00000000       0x40 C:/Program Files (x86)/Atmel/Studio/7.0/Packs/atmel/ATmega_DFP/1.2.209/gcc/dev/atmega2560/avr6/crtatmega2560.o

.note.gnu.build-id
 *(.note.gnu.build-id)

.debug
 *(.debug)

.line
 *(.line)

.debug_srcinfo
 *(.debug_srcinfo)

.debug_sfnames
 *(.debug_sfnames)

.debug_aranges  0x00000000      0xbb8
 *(.debug_aranges)
 .debug_aranges
                0x00000000       0x40 co2Reader.o
 .debug_aranges
                0x00000040       0x40 Configuration.o
 .debug_aranges
                0x00000080       0x50 currentCondition.o
 .debug_aranges
                0x000000d0       0x68 device.o
 .debug_aranges
                0x00000138       0x48 humidityAndTemperature.o
 .debug_aranges
                0x00000180       0x30 UpLinkHandler.o
 .debug_aranges
                0x000001b0       0x30 FreeRTOS/FreeRTOSTraceDriver/FreeRTOSTraceDriver.o
 .debug_aranges
                0x000001e0       0x70 FreeRTOS/src/event_groups.o
 .debug_aranges
                0x00000250       0x48 FreeRTOS/src/heap_4.o
 .debug_aranges
                0x00000298       0x40 FreeRTOS/src/list.o
 .debug_aranges
                0x000002d8       0x48 FreeRTOS/src/port.o
 .debug_aranges
                0x00000320       0xf8 FreeRTOS/src/queue.o
 .debug_aranges
                0x00000418       0xc8 FreeRTOS/src/stream_buffer.o
 .debug_aranges
                0x000004e0      0x1d8 FreeRTOS/src/tasks.o
 .debug_aranges
                0x000006b8       0xa0 FreeRTOS/src/timers.o
 .debug_aranges
                0x00000758       0x30 FreeRTOS/src/variantHooks.o
 .debug_aranges
                0x00000788       0x38 main.o
 .debug_aranges
                0x000007c0       0x20 ../drivers\libIotLibrary.a(hal.o)
 .debug_aranges
                0x000007e0       0x68 ../drivers\libIotLibrary.a(hih8120.o)
 .debug_aranges
                0x00000848       0x68 ../drivers\libIotLibrary.a(led.o)
 .debug_aranges
                0x000008b0      0x138 ../drivers\libIotLibrary.a(lora_driver.o)
 .debug_aranges
                0x000009e8       0x28 ../drivers\libIotLibrary.a(lora_driver_utils.o)
 .debug_aranges
                0x00000a10       0x70 ../drivers\libIotLibrary.a(mega_register_access.o)
 .debug_aranges
                0x00000a80       0x90 ../drivers\libIotLibrary.a(serial.o)
 .debug_aranges
                0x00000b10       0x38 ../drivers\libIotLibrary.a(stdio_driver.o)
 .debug_aranges
                0x00000b48       0x50 ../drivers\libIotLibrary.a(twi.o)
 .debug_aranges
                0x00000b98       0x20 ../drivers\libIotLibrary.a(fifo.o)

.debug_pubnames
 *(.debug_pubnames)

.debug_info     0x00000000     0xe900
 *(.debug_info .gnu.linkonce.wi.*)
 .debug_info    0x00000000      0xbbc C:/Program Files (x86)/Atmel/Studio/7.0/Packs/atmel/ATmega_DFP/1.2.209/gcc/dev/atmega2560/avr6/crtatmega2560.o
 .debug_info    0x00000bbc      0x3f4 co2Reader.o
 .debug_info    0x00000fb0      0x2a5 Configuration.o
 .debug_info    0x00001255      0x312 currentCondition.o
 .debug_info    0x00001567      0x8a2 device.o
 .debug_info    0x00001e09      0x3bc humidityAndTemperature.o
 .debug_info    0x000021c5      0x3ed UpLinkHandler.o
 .debug_info    0x000025b2       0xd3 FreeRTOS/FreeRTOSTraceDriver/FreeRTOSTraceDriver.o
 .debug_info    0x00002685      0x9ee FreeRTOS/src/event_groups.o
 .debug_info    0x00003073      0x3d4 FreeRTOS/src/heap_4.o
 .debug_info    0x00003447      0x2dc FreeRTOS/src/list.o
 .debug_info    0x00003723      0x284 FreeRTOS/src/port.o
 .debug_info    0x000039a7     0x1910 FreeRTOS/src/queue.o
 .debug_info    0x000052b7     0x14b4 FreeRTOS/src/stream_buffer.o
 .debug_info    0x0000676b     0x27fd FreeRTOS/src/tasks.o
 .debug_info    0x00008f68     0x1115 FreeRTOS/src/timers.o
 .debug_info    0x0000a07d      0x1ba FreeRTOS/src/variantHooks.o
 .debug_info    0x0000a237      0x502 main.o
 .debug_info    0x0000a739      0x20d ../drivers\libIotLibrary.a(hal.o)
 .debug_info    0x0000a946      0x3a9 ../drivers\libIotLibrary.a(hih8120.o)
 .debug_info    0x0000acef      0x6d5 ../drivers\libIotLibrary.a(led.o)
 .debug_info    0x0000b3c4     0x18a9 ../drivers\libIotLibrary.a(lora_driver.o)
 .debug_info    0x0000cc6d      0x143 ../drivers\libIotLibrary.a(lora_driver_utils.o)
 .debug_info    0x0000cdb0      0x2e1 ../drivers\libIotLibrary.a(mega_register_access.o)
 .debug_info    0x0000d091      0xdb3 ../drivers\libIotLibrary.a(serial.o)
 .debug_info    0x0000de44      0x39c ../drivers\libIotLibrary.a(stdio_driver.o)
 .debug_info    0x0000e1e0      0x55d ../drivers\libIotLibrary.a(twi.o)
 .debug_info    0x0000e73d      0x1c3 ../drivers\libIotLibrary.a(fifo.o)

.debug_abbrev   0x00000000     0x3b69
 *(.debug_abbrev)
 .debug_abbrev  0x00000000      0xb1a C:/Program Files (x86)/Atmel/Studio/7.0/Packs/atmel/ATmega_DFP/1.2.209/gcc/dev/atmega2560/avr6/crtatmega2560.o
 .debug_abbrev  0x00000b1a      0x189 co2Reader.o
 .debug_abbrev  0x00000ca3       0xed Configuration.o
 .debug_abbrev  0x00000d90      0x141 currentCondition.o
 .debug_abbrev  0x00000ed1      0x1ea device.o
 .debug_abbrev  0x000010bb      0x16f humidityAndTemperature.o
 .debug_abbrev  0x0000122a      0x1b6 UpLinkHandler.o
 .debug_abbrev  0x000013e0       0x92 FreeRTOS/FreeRTOSTraceDriver/FreeRTOSTraceDriver.o
 .debug_abbrev  0x00001472      0x21b FreeRTOS/src/event_groups.o
 .debug_abbrev  0x0000168d      0x224 FreeRTOS/src/heap_4.o
 .debug_abbrev  0x000018b1       0xff FreeRTOS/src/list.o
 .debug_abbrev  0x000019b0      0x158 FreeRTOS/src/port.o
 .debug_abbrev  0x00001b08      0x2d8 FreeRTOS/src/queue.o
 .debug_abbrev  0x00001de0      0x2b4 FreeRTOS/src/stream_buffer.o
 .debug_abbrev  0x00002094      0x359 FreeRTOS/src/tasks.o
 .debug_abbrev  0x000023ed      0x2f5 FreeRTOS/src/timers.o
 .debug_abbrev  0x000026e2      0x101 FreeRTOS/src/variantHooks.o
 .debug_abbrev  0x000027e3      0x1a5 main.o
 .debug_abbrev  0x00002988       0xff ../drivers\libIotLibrary.a(hal.o)
 .debug_abbrev  0x00002a87      0x184 ../drivers\libIotLibrary.a(hih8120.o)
 .debug_abbrev  0x00002c0b      0x228 ../drivers\libIotLibrary.a(led.o)
 .debug_abbrev  0x00002e33      0x382 ../drivers\libIotLibrary.a(lora_driver.o)
 .debug_abbrev  0x000031b5       0xc0 ../drivers\libIotLibrary.a(lora_driver_utils.o)
 .debug_abbrev  0x00003275       0xd3 ../drivers\libIotLibrary.a(mega_register_access.o)
 .debug_abbrev  0x00003348      0x364 ../drivers\libIotLibrary.a(serial.o)
 .debug_abbrev  0x000036ac      0x1be ../drivers\libIotLibrary.a(stdio_driver.o)
 .debug_abbrev  0x0000386a      0x217 ../drivers\libIotLibrary.a(twi.o)
 .debug_abbrev  0x00003a81       0xe8 ../drivers\libIotLibrary.a(fifo.o)

.debug_line     0x00000000     0x6f30
 *(.debug_line .debug_line.* .debug_line_end)
 .debug_line    0x00000000      0x1f9 C:/Program Files (x86)/Atmel/Studio/7.0/Packs/atmel/ATmega_DFP/1.2.209/gcc/dev/atmega2560/avr6/crtatmega2560.o
 .debug_line    0x000001f9      0x1cc co2Reader.o
 .debug_line    0x000003c5      0x1b0 Configuration.o
 .debug_line    0x00000575      0x1d5 currentCondition.o
 .debug_line    0x0000074a      0x344 device.o
 .debug_line    0x00000a8e      0x22d humidityAndTemperature.o
 .debug_line    0x00000cbb      0x2b8 UpLinkHandler.o
 .debug_line    0x00000f73       0xfd FreeRTOS/FreeRTOSTraceDriver/FreeRTOSTraceDriver.o
 .debug_line    0x00001070      0x3ed FreeRTOS/src/event_groups.o
 .debug_line    0x0000145d      0x318 FreeRTOS/src/heap_4.o
 .debug_line    0x00001775      0x1da FreeRTOS/src/list.o
 .debug_line    0x0000194f      0x312 FreeRTOS/src/port.o
 .debug_line    0x00001c61      0xbfa FreeRTOS/src/queue.o
 .debug_line    0x0000285b      0x7a4 FreeRTOS/src/stream_buffer.o
 .debug_line    0x00002fff     0x1668 FreeRTOS/src/tasks.o
 .debug_line    0x00004667      0x563 FreeRTOS/src/timers.o
 .debug_line    0x00004bca      0x18a FreeRTOS/src/variantHooks.o
 .debug_line    0x00004d54      0x2ff main.o
 .debug_line    0x00005053       0xff ../drivers\libIotLibrary.a(hal.o)
 .debug_line    0x00005152      0x246 ../drivers\libIotLibrary.a(hih8120.o)
 .debug_line    0x00005398      0x31b ../drivers\libIotLibrary.a(led.o)
 .debug_line    0x000056b3      0x9ab ../drivers\libIotLibrary.a(lora_driver.o)
 .debug_line    0x0000605e      0x194 ../drivers\libIotLibrary.a(lora_driver_utils.o)
 .debug_line    0x000061f2      0x1af ../drivers\libIotLibrary.a(mega_register_access.o)
 .debug_line    0x000063a1      0x636 ../drivers\libIotLibrary.a(serial.o)
 .debug_line    0x000069d7      0x13a ../drivers\libIotLibrary.a(stdio_driver.o)
 .debug_line    0x00006b11      0x306 ../drivers\libIotLibrary.a(twi.o)
 .debug_line    0x00006e17      0x119 ../drivers\libIotLibrary.a(fifo.o)

.debug_frame    0x00000000     0x28a4
 *(.debug_frame)
 .debug_frame   0x00000000       0xfc co2Reader.o
 .debug_frame   0x000000fc       0x7c Configuration.o
 .debug_frame   0x00000178       0x84 currentCondition.o
 .debug_frame   0x000001fc      0x14c device.o
 .debug_frame   0x00000348      0x11c humidityAndTemperature.o
 .debug_frame   0x00000464      0x158 UpLinkHandler.o
 .debug_frame   0x000005bc       0x44 FreeRTOS/FreeRTOSTraceDriver/FreeRTOSTraceDriver.o
 .debug_frame   0x00000600      0x1ec FreeRTOS/src/event_groups.o
 .debug_frame   0x000007ec       0xb4 FreeRTOS/src/heap_4.o
 .debug_frame   0x000008a0       0x90 FreeRTOS/src/list.o
 .debug_frame   0x00000930       0x74 FreeRTOS/src/port.o
 .debug_frame   0x000009a4      0x3d8 FreeRTOS/src/queue.o
 .debug_frame   0x00000d7c      0x3dc FreeRTOS/src/stream_buffer.o
 .debug_frame   0x00001158      0x75c FreeRTOS/src/tasks.o
 .debug_frame   0x000018b4      0x248 FreeRTOS/src/timers.o
 .debug_frame   0x00001afc       0x44 FreeRTOS/src/variantHooks.o
 .debug_frame   0x00001b40       0xa0 main.o
 .debug_frame   0x00001be0       0x24 ../drivers\libIotLibrary.a(hal.o)
 .debug_frame   0x00001c04       0xc0 ../drivers\libIotLibrary.a(hih8120.o)
 .debug_frame   0x00001cc4      0x11c ../drivers\libIotLibrary.a(led.o)
 .debug_frame   0x00001de0      0x460 ../drivers\libIotLibrary.a(lora_driver.o)
 .debug_frame   0x00002240       0x48 ../drivers\libIotLibrary.a(lora_driver_utils.o)
 .debug_frame   0x00002288       0xc4 ../drivers\libIotLibrary.a(mega_register_access.o)
 .debug_frame   0x0000234c      0x384 ../drivers\libIotLibrary.a(serial.o)
 .debug_frame   0x000026d0       0x84 ../drivers\libIotLibrary.a(stdio_driver.o)
 .debug_frame   0x00002754      0x12c ../drivers\libIotLibrary.a(twi.o)
 .debug_frame   0x00002880       0x24 ../drivers\libIotLibrary.a(fifo.o)

.debug_str      0x00000000     0x4585
 *(.debug_str)
 .debug_str     0x00000000      0x3e6 C:/Program Files (x86)/Atmel/Studio/7.0/Packs/atmel/ATmega_DFP/1.2.209/gcc/dev/atmega2560/avr6/crtatmega2560.o
 .debug_str     0x000003e6      0x2d3 co2Reader.o
                                0x367 (size before relaxing)
 .debug_str     0x000006b9      0x120 Configuration.o
                                0x2a7 (size before relaxing)
 .debug_str     0x000007d9      0x15e currentCondition.o
                                0x2f0 (size before relaxing)
 .debug_str     0x00000937      0x223 device.o
                                0x62e (size before relaxing)
 .debug_str     0x00000b5a       0xa6 humidityAndTemperature.o
                                0x3c2 (size before relaxing)
 .debug_str     0x00000c00      0x280 UpLinkHandler.o
                                0x49e (size before relaxing)
 .debug_str     0x00000e80       0x68 FreeRTOS/FreeRTOSTraceDriver/FreeRTOSTraceDriver.o
                                0x1bc (size before relaxing)
 .debug_str     0x00000ee8      0x3a3 FreeRTOS/src/event_groups.o
                                0x5c6 (size before relaxing)
 .debug_str     0x0000128b      0x1dd FreeRTOS/src/heap_4.o
                                0x37c (size before relaxing)
 .debug_str     0x00001468       0x89 FreeRTOS/src/list.o
                                0x2b9 (size before relaxing)
 .debug_str     0x000014f1      0x11f FreeRTOS/src/port.o
                                0x2a6 (size before relaxing)
 .debug_str     0x00001610      0x653 FreeRTOS/src/queue.o
                                0x9af (size before relaxing)
 .debug_str     0x00001c63      0x508 FreeRTOS/src/stream_buffer.o
                                0x815 (size before relaxing)
 .debug_str     0x0000216b      0xa8e FreeRTOS/src/tasks.o
                               0x115a (size before relaxing)
 .debug_str     0x00002bf9      0x43f FreeRTOS/src/timers.o
                                0x847 (size before relaxing)
 .debug_str     0x00003038       0x61 FreeRTOS/src/variantHooks.o
                                0x24d (size before relaxing)
 .debug_str     0x00003099       0xb9 main.o
                                0x41b (size before relaxing)
 .debug_str     0x00003152       0xc3 ../drivers\libIotLibrary.a(hal.o)
                                0x278 (size before relaxing)
 .debug_str     0x00003215      0x2a5 ../drivers\libIotLibrary.a(hih8120.o)
                                0x44a (size before relaxing)
 .debug_str     0x000034ba      0x129 ../drivers\libIotLibrary.a(led.o)
                                0x3cd (size before relaxing)
 .debug_str     0x000035e3      0x7fd ../drivers\libIotLibrary.a(lora_driver.o)
                                0xd8f (size before relaxing)
 .debug_str     0x00003de0       0x46 ../drivers\libIotLibrary.a(lora_driver_utils.o)
                                0x205 (size before relaxing)
 .debug_str     0x00003e26       0xdf ../drivers\libIotLibrary.a(mega_register_access.o)
                                0x252 (size before relaxing)
 .debug_str     0x00003f05      0x2de ../drivers\libIotLibrary.a(serial.o)
                                0x639 (size before relaxing)
 .debug_str     0x000041e3       0xa4 ../drivers\libIotLibrary.a(stdio_driver.o)
                                0x378 (size before relaxing)
 .debug_str     0x00004287      0x2de ../drivers\libIotLibrary.a(twi.o)
                                0x5a8 (size before relaxing)
 .debug_str     0x00004565       0x20 ../drivers\libIotLibrary.a(fifo.o)
                                0x237 (size before relaxing)

.debug_loc      0x00000000     0xd6ba
 *(.debug_loc)
 .debug_loc     0x00000000      0x413 co2Reader.o
 .debug_loc     0x00000413       0xcc Configuration.o
 .debug_loc     0x000004df       0x8c currentCondition.o
 .debug_loc     0x0000056b      0x5e0 device.o
 .debug_loc     0x00000b4b      0x42f humidityAndTemperature.o
 .debug_loc     0x00000f7a      0x4f8 UpLinkHandler.o
 .debug_loc     0x00001472       0x42 FreeRTOS/FreeRTOSTraceDriver/FreeRTOSTraceDriver.o
 .debug_loc     0x000014b4      0xead FreeRTOS/src/event_groups.o
 .debug_loc     0x00002361      0x331 FreeRTOS/src/heap_4.o
 .debug_loc     0x00002692      0x17d FreeRTOS/src/list.o
 .debug_loc     0x0000280f      0x2af FreeRTOS/src/port.o
 .debug_loc     0x00002abe     0x1c21 FreeRTOS/src/queue.o
 .debug_loc     0x000046df     0x1db1 FreeRTOS/src/stream_buffer.o
 .debug_loc     0x00006490     0x3168 FreeRTOS/src/tasks.o
 .debug_loc     0x000095f8      0xcf7 FreeRTOS/src/timers.o
 .debug_loc     0x0000a2ef       0xb6 FreeRTOS/src/variantHooks.o
 .debug_loc     0x0000a3a5      0x152 main.o
 .debug_loc     0x0000a4f7       0x2c ../drivers\libIotLibrary.a(hal.o)
 .debug_loc     0x0000a523       0x9f ../drivers\libIotLibrary.a(hih8120.o)
 .debug_loc     0x0000a5c2      0x390 ../drivers\libIotLibrary.a(led.o)
 .debug_loc     0x0000a952     0x1216 ../drivers\libIotLibrary.a(lora_driver.o)
 .debug_loc     0x0000bb68      0x1d2 ../drivers\libIotLibrary.a(lora_driver_utils.o)
 .debug_loc     0x0000bd3a       0xe9 ../drivers\libIotLibrary.a(mega_register_access.o)
 .debug_loc     0x0000be23     0x1080 ../drivers\libIotLibrary.a(serial.o)
 .debug_loc     0x0000cea3      0x144 ../drivers\libIotLibrary.a(stdio_driver.o)
 .debug_loc     0x0000cfe7      0x575 ../drivers\libIotLibrary.a(twi.o)
 .debug_loc     0x0000d55c      0x15e ../drivers\libIotLibrary.a(fifo.o)

.debug_macinfo
 *(.debug_macinfo)

.debug_weaknames
 *(.debug_weaknames)

.debug_funcnames
 *(.debug_funcnames)

.debug_typenames
 *(.debug_typenames)

.debug_varnames
 *(.debug_varnames)

.debug_pubtypes
 *(.debug_pubtypes)

.debug_ranges   0x00000000      0xbd0
 *(.debug_ranges)
 .debug_ranges  0x00000000       0x30 co2Reader.o
 .debug_ranges  0x00000030       0x30 Configuration.o
 .debug_ranges  0x00000060       0x40 currentCondition.o
 .debug_ranges  0x000000a0       0x58 device.o
 .debug_ranges  0x000000f8       0x38 humidityAndTemperature.o
 .debug_ranges  0x00000130       0x40 UpLinkHandler.o
 .debug_ranges  0x00000170       0x20 FreeRTOS/FreeRTOSTraceDriver/FreeRTOSTraceDriver.o
 .debug_ranges  0x00000190       0x78 FreeRTOS/src/event_groups.o
 .debug_ranges  0x00000208       0x38 FreeRTOS/src/heap_4.o
 .debug_ranges  0x00000240       0x30 FreeRTOS/src/list.o
 .debug_ranges  0x00000270       0x38 FreeRTOS/src/port.o
 .debug_ranges  0x000002a8      0x178 FreeRTOS/src/queue.o
 .debug_ranges  0x00000420       0xb8 FreeRTOS/src/stream_buffer.o
 .debug_ranges  0x000004d8      0x240 FreeRTOS/src/tasks.o
 .debug_ranges  0x00000718       0xe8 FreeRTOS/src/timers.o
 .debug_ranges  0x00000800       0x20 FreeRTOS/src/variantHooks.o
 .debug_ranges  0x00000820       0x28 main.o
 .debug_ranges  0x00000848       0x10 ../drivers\libIotLibrary.a(hal.o)
 .debug_ranges  0x00000858       0x58 ../drivers\libIotLibrary.a(hih8120.o)
 .debug_ranges  0x000008b0       0x58 ../drivers\libIotLibrary.a(led.o)
 .debug_ranges  0x00000908      0x128 ../drivers\libIotLibrary.a(lora_driver.o)
 .debug_ranges  0x00000a30       0x30 ../drivers\libIotLibrary.a(lora_driver_utils.o)
 .debug_ranges  0x00000a60       0x60 ../drivers\libIotLibrary.a(mega_register_access.o)
 .debug_ranges  0x00000ac0       0x98 ../drivers\libIotLibrary.a(serial.o)
 .debug_ranges  0x00000b58       0x28 ../drivers\libIotLibrary.a(stdio_driver.o)
 .debug_ranges  0x00000b80       0x40 ../drivers\libIotLibrary.a(twi.o)
 .debug_ranges  0x00000bc0       0x10 ../drivers\libIotLibrary.a(fifo.o)

.debug_macro
 *(.debug_macro)
OUTPUT(SEP4IOT.elf elf32-avr)
LOAD linker stubs
