Archive member included to satisfy reference by file (symbol)

c:/program files (x86)/atmel/studio/7.0/toolchain/avr8/avr8-gnu-toolchain/bin/../lib/gcc/avr/5.4.0/../../../../avr/lib/avr6\libm.a(floatsisf.o)
                              humidityAndTemperature.o (__floatsisf)
../drivers\libIotLibrary.a(hal.o)
                              main.o (hal_create)
../drivers\libIotLibrary.a(hih8120.o)
                              humidityAndTemperature.o (hih8120Create)
../drivers\libIotLibrary.a(led.o)
                              ../drivers\libIotLibrary.a(hal.o) (led_create)
../drivers\libIotLibrary.a(lora_driver.o)
                              DownLinkHandler.o (lora_driver_flush_buffers)
../drivers\libIotLibrary.a(lora_driver_utils.o)
                              ../drivers\libIotLibrary.a(lora_driver.o) (decode_port_no)
../drivers\libIotLibrary.a(mega_register_access.o)
                              ../drivers\libIotLibrary.a(hal.o) (reg_read_register)
../drivers\libIotLibrary.a(serial.o)
                              ../drivers\libIotLibrary.a(lora_driver.o) (serial_new_instance)
../drivers\libIotLibrary.a(stdio_driver.o)
                              main.o (stdioCreate)
../drivers\libIotLibrary.a(twi.o)
                              ../drivers\libIotLibrary.a(hih8120.o) (twiCreate)
../drivers\libIotLibrary.a(fifo.o)
                              ../drivers\libIotLibrary.a(serial.o) (fifo_init)
c:/program files (x86)/atmel/studio/7.0/toolchain/avr8/avr8-gnu-toolchain/bin/../lib/gcc/avr/5.4.0/../../../../avr/lib/avr6\libm.a(addsf3.o)
                              ../drivers\libIotLibrary.a(hih8120.o) (__subsf3)
c:/program files (x86)/atmel/studio/7.0/toolchain/avr8/avr8-gnu-toolchain/bin/../lib/gcc/avr/5.4.0/../../../../avr/lib/avr6\libm.a(addsf3x.o)
                              c:/program files (x86)/atmel/studio/7.0/toolchain/avr8/avr8-gnu-toolchain/bin/../lib/gcc/avr/5.4.0/../../../../avr/lib/avr6\libm.a(addsf3.o) (__addsf3x)
c:/program files (x86)/atmel/studio/7.0/toolchain/avr8/avr8-gnu-toolchain/bin/../lib/gcc/avr/5.4.0/../../../../avr/lib/avr6\libm.a(divsf3.o)
                              ../drivers\libIotLibrary.a(hih8120.o) (__divsf3)
c:/program files (x86)/atmel/studio/7.0/toolchain/avr8/avr8-gnu-toolchain/bin/../lib/gcc/avr/5.4.0/../../../../avr/lib/avr6\libm.a(divsf3x.o)
                              c:/program files (x86)/atmel/studio/7.0/toolchain/avr8/avr8-gnu-toolchain/bin/../lib/gcc/avr/5.4.0/../../../../avr/lib/avr6\libm.a(divsf3.o) (__divsf3x)
c:/program files (x86)/atmel/studio/7.0/toolchain/avr8/avr8-gnu-toolchain/bin/../lib/gcc/avr/5.4.0/../../../../avr/lib/avr6\libm.a(fixsfsi.o)
                              ../drivers\libIotLibrary.a(hih8120.o) (__fixsfsi)
c:/program files (x86)/atmel/studio/7.0/toolchain/avr8/avr8-gnu-toolchain/bin/../lib/gcc/avr/5.4.0/../../../../avr/lib/avr6\libm.a(fixunssfsi.o)
                              ../drivers\libIotLibrary.a(hih8120.o) (__fixunssfsi)
c:/program files (x86)/atmel/studio/7.0/toolchain/avr8/avr8-gnu-toolchain/bin/../lib/gcc/avr/5.4.0/../../../../avr/lib/avr6\libm.a(fp_inf.o)
                              c:/program files (x86)/atmel/studio/7.0/toolchain/avr8/avr8-gnu-toolchain/bin/../lib/gcc/avr/5.4.0/../../../../avr/lib/avr6\libm.a(addsf3x.o) (__fp_inf)
c:/program files (x86)/atmel/studio/7.0/toolchain/avr8/avr8-gnu-toolchain/bin/../lib/gcc/avr/5.4.0/../../../../avr/lib/avr6\libm.a(fp_nan.o)
                              c:/program files (x86)/atmel/studio/7.0/toolchain/avr8/avr8-gnu-toolchain/bin/../lib/gcc/avr/5.4.0/../../../../avr/lib/avr6\libm.a(addsf3x.o) (__fp_nan)
c:/program files (x86)/atmel/studio/7.0/toolchain/avr8/avr8-gnu-toolchain/bin/../lib/gcc/avr/5.4.0/../../../../avr/lib/avr6\libm.a(fp_pscA.o)
                              c:/program files (x86)/atmel/studio/7.0/toolchain/avr8/avr8-gnu-toolchain/bin/../lib/gcc/avr/5.4.0/../../../../avr/lib/avr6\libm.a(addsf3x.o) (__fp_pscA)
c:/program files (x86)/atmel/studio/7.0/toolchain/avr8/avr8-gnu-toolchain/bin/../lib/gcc/avr/5.4.0/../../../../avr/lib/avr6\libm.a(fp_pscB.o)
                              c:/program files (x86)/atmel/studio/7.0/toolchain/avr8/avr8-gnu-toolchain/bin/../lib/gcc/avr/5.4.0/../../../../avr/lib/avr6\libm.a(addsf3x.o) (__fp_pscB)
c:/program files (x86)/atmel/studio/7.0/toolchain/avr8/avr8-gnu-toolchain/bin/../lib/gcc/avr/5.4.0/../../../../avr/lib/avr6\libm.a(fp_round.o)
                              c:/program files (x86)/atmel/studio/7.0/toolchain/avr8/avr8-gnu-toolchain/bin/../lib/gcc/avr/5.4.0/../../../../avr/lib/avr6\libm.a(addsf3.o) (__fp_round)
c:/program files (x86)/atmel/studio/7.0/toolchain/avr8/avr8-gnu-toolchain/bin/../lib/gcc/avr/5.4.0/../../../../avr/lib/avr6\libm.a(fp_split3.o)
                              c:/program files (x86)/atmel/studio/7.0/toolchain/avr8/avr8-gnu-toolchain/bin/../lib/gcc/avr/5.4.0/../../../../avr/lib/avr6\libm.a(addsf3x.o) (__fp_split3)
[...]
Memory Configuration

Name             Origin             Length             Attributes
text             0x00000000         0x00100000         xr
data             0x00800200         0x0000fe00         rw !x
eeprom           0x00810000         0x00010000         rw !x
fuse             0x00820000         0x00000003         rw !x
lock             0x00830000         0x00000400         rw !x
signature        0x00840000         0x00000400         rw !x
user_signatures  0x00850000         0x00000400         rw !x
*default*        0x00000000         0xffffffff

Linker script and memory map

Address of section .data set to 0x800200
LOAD C:/Program Files (x86)/Atmel/Studio/7.0/Packs/atmel/ATmega_DFP/1.2.209/gcc/dev/atmega2560/avr6/crtatmega2560.o
LOAD co2Reader.o
LOAD Configuration.o
LOAD currentCondition.o
LOAD device.o
LOAD DownLinkHandler.o
LOAD drivers/docs/example/loraWANHandler.o
LOAD humidityAndTemperature.o
LOAD UpLinkHandler.o
LOAD FreeRTOS/FreeRTOSTraceDriver/FreeRTOSTraceDriver.o
LOAD FreeRTOS/src/croutine.o
LOAD FreeRTOS/src/event_groups.o
LOAD FreeRTOS/src/heap_4.o
LOAD FreeRTOS/src/list.o
LOAD FreeRTOS/src/port.o
LOAD FreeRTOS/src/queue.o
LOAD FreeRTOS/src/stream_buffer.o
LOAD FreeRTOS/src/tasks.o
LOAD FreeRTOS/src/timers.o
LOAD FreeRTOS/src/variantHooks.o
LOAD main.o
START GROUP
LOAD c:/program files (x86)/atmel/studio/7.0/toolchain/avr8/avr8-gnu-toolchain/bin/../lib/gcc/avr/5.4.0/../../../../avr/lib/avr6\libm.a
LOAD ../drivers\libIotLibrary.a
END GROUP
START GROUP
LOAD c:/program files (x86)/atmel/studio/7.0/toolchain/avr8/avr8-gnu-toolchain/bin/../lib/gcc/avr/5.4.0/avr6\libgcc.a
LOAD c:/program files (x86)/atmel/studio/7.0/toolchain/avr8/avr8-gnu-toolchain/bin/../lib/gcc/avr/5.4.0/../../../../avr/lib/avr6\libm.a
LOAD c:/program files (x86)/atmel/studio/7.0/toolchain/avr8/avr8-gnu-toolchain/bin/../lib/gcc/avr/5.4.0/../../../../avr/lib/avr6\libc.a
LOAD C:/Program Files (x86)/Atmel/Studio/7.0/Packs/atmel/ATmega_DFP/1.2.209/gcc/dev/atmega2560/avr6\libatmega2560.a
END GROUP
                0x00000000                __TEXT_REGION_ORIGIN__ = DEFINED (__TEXT_REGION_ORIGIN__)?__TEXT_REGION_ORIGIN__:0x0
                0x00800200                __DATA_REGION_ORIGIN__ = DEFINED (__DATA_REGION_ORIGIN__)?__DATA_REGION_ORIGIN__:0x800200
                0x00100000                __TEXT_REGION_LENGTH__ = DEFINED (__TEXT_REGION_LENGTH__)?__TEXT_REGION_LENGTH__:0x100000
                0x0000fe00                __DATA_REGION_LENGTH__ = DEFINED (__DATA_REGION_LENGTH__)?__DATA_REGION_LENGTH__:0xfe00
                0x00010000                __EEPROM_REGION_LENGTH__ = DEFINED (__EEPROM_REGION_LENGTH__)?__EEPROM_REGION_LENGTH__:0x10000
                [0x00000003]                __FUSE_REGION_LENGTH__ = DEFINED (__FUSE_REGION_LENGTH__)?__FUSE_REGION_LENGTH__:0x400
                0x00000400                __LOCK_REGION_LENGTH__ = DEFINED (__LOCK_REGION_LENGTH__)?__LOCK_REGION_LENGTH__:0x400
                0x00000400                __SIGNATURE_REGION_LENGTH__ = DEFINED (__SIGNATURE_REGION_LENGTH__)?__SIGNATURE_REGION_LENGTH__:0x400
                0x00000400                __USER_SIGNATURE_REGION_LENGTH__ = DEFINED (__USER_SIGNATURE_REGION_LENGTH__)?__USER_SIGNATURE_REGION_LENGTH__:0x400

.hash
 *(.hash)

.dynsym
 *(.dynsym)

.dynstr
 *(.dynstr)

.gnu.version
 *(.gnu.version)

.gnu.version_d
 *(.gnu.version_d)

.gnu.version_r
 *(.gnu.version_r)

.rel.init
 *(.rel.init)

.rela.init
 *(.rela.init)

.rel.text
 *(.rel.text)
 *(.rel.text.*)
 *(.rel.gnu.linkonce.t*)

.rela.text
 *(.rela.text)
 *(.rela.text.*)
 *(.rela.gnu.linkonce.t*)

.rel.fini
 *(.rel.fini)

.rela.fini
 *(.rela.fini)

.rel.rodata
 *(.rel.rodata)
 *(.rel.rodata.*)
 *(.rel.gnu.linkonce.r*)

.rela.rodata
 *(.rela.rodata)
 *(.rela.rodata.*)
 *(.rela.gnu.linkonce.r*)

.rel.data
 *(.rel.data)
 *(.rel.data.*)
 *(.rel.gnu.linkonce.d*)

.rela.data
 *(.rela.data)
 *(.rela.data.*)
 *(.rela.gnu.linkonce.d*)

.rel.ctors
 *(.rel.ctors)

.rela.ctors
 *(.rela.ctors)

.rel.dtors
 *(.rel.dtors)

.rela.dtors
 *(.rela.dtors)

.rel.got
 *(.rel.got)

.rela.got
 *(.rela.got)

.rel.bss
 *(.rel.bss)

.rela.bss
 *(.rela.bss)

.rel.plt
 *(.rel.plt)

.rela.plt
 *(.rela.plt)

.text           0x00000000     0x4efa
 *(.vectors)
 .vectors       0x00000000       0xe4 C:/Program Files (x86)/Atmel/Studio/7.0/Packs/atmel/ATmega_DFP/1.2.209/gcc/dev/atmega2560/avr6/crtatmega2560.o
                0x00000000                __vector_default
                0x00000000                __vectors
 *(.vectors)
 *(.progmem.gcc*)
 .progmem.gcc_sw_table
                0x000000e4       0x14 FreeRTOS/src/timers.o
 .progmem.gcc_sw_table.__vector_39
                0x000000f8       0xa2 ../drivers\libIotLibrary.a(twi.o)
                0x0000019a                . = ALIGN (0x2)
                0x0000019a                __trampolines_start = .
 *(.trampolines)
 .trampolines   0x0000019a        0x0 linker stubs
 *(.trampolines*)
                0x0000019a                __trampolines_end = .
 *libprintf_flt.a:*(.progmem.data)
 *libc.a:*(.progmem.data)
 *(.progmem*)
                0x0000019a                . = ALIGN (0x2)
 *(.jumptables)
 *(.jumptables*)
 *(.lowtext)
 .lowtext       0x0000019a       0x6c FreeRTOS/src/tasks.o
 .lowtext       0x00000206      0x28a FreeRTOS/src/timers.o
 *(.lowtext*)
                0x00000490                __ctors_start = .
 *(.ctors)
                0x00000490                __ctors_end = .
                0x00000490                __dtors_start = .
 *(.dtors)
                0x00000490                __dtors_end = .
 SORT(*)(.ctors)
 SORT(*)(.dtors)
 *(.init0)
 .init0         0x00000490        0x0 C:/Program Files (x86)/Atmel/Studio/7.0/Packs/atmel/ATmega_DFP/1.2.209/gcc/dev/atmega2560/avr6/crtatmega2560.o
                0x00000490                __init
 *(.init0)
 *(.init1)
 *(.init1)
 *(.init2)
 .init2         0x00000490       0x10 C:/Program Files (x86)/Atmel/Studio/7.0/Packs/atmel/ATmega_DFP/1.2.209/gcc/dev/atmega2560/avr6/crtatmega2560.o
 *(.init2)
 *(.init3)
 *(.init3)
 *(.init4)
 .init4         0x000004a0       0x1a c:/program files (x86)/atmel/studio/7.0/toolchain/avr8/avr8-gnu-toolchain/bin/../lib/gcc/avr/5.4.0/avr6\libgcc.a(_copy_data.o)
                0x000004a0                __do_copy_data
 .init4         0x000004ba       0x10 c:/program files (x86)/atmel/studio/7.0/toolchain/avr8/avr8-gnu-toolchain/bin/../lib/gcc/avr/5.4.0/avr6\libgcc.a(_clear_bss.o)
                0x000004ba                __do_clear_bss
 *(.init4)
 *(.init5)
 *(.init5)
 *(.init6)
 *(.init6)
 *(.init7)
 *(.init7)
 *(.init8)
 *(.init8)
 *(.init9)
 .init9         0x000004ca        0x8 C:/Program Files (x86)/Atmel/Studio/7.0/Packs/atmel/ATmega_DFP/1.2.209/gcc/dev/atmega2560/avr6/crtatmega2560.o
 *(.init9)
 *(.text)
 .text          0x000004d2        0x2 C:/Program Files (x86)/Atmel/Studio/7.0/Packs/atmel/ATmega_DFP/1.2.209/gcc/dev/atmega2560/avr6/crtatmega2560.o
                0x000004d2                __vector_38
                0x000004d2                __vector_22
                0x000004d2                __vector_28
                0x000004d2                __vector_1
                0x000004d2                __vector_32
                0x000004d2                __vector_34
                0x000004d2                __vector_24
                0x000004d2                __vector_46
                0x000004d2                __bad_interrupt
                0x000004d2                __vector_6
                0x000004d2                __vector_31
                0x000004d2                __vector_35
                0x000004d2                __vector_3
                0x000004d2                __vector_23
                0x000004d2                __vector_30
                0x000004d2                __vector_45
                0x000004d2                __vector_11
                0x000004d2                __vector_13
                0x000004d2                __vector_17
                0x000004d2                __vector_19
                0x000004d2                __vector_56
                0x000004d2                __vector_7
                0x000004d2                __vector_49
                0x000004d2                __vector_41
                0x000004d2                __vector_43
                0x000004d2                __vector_27
                0x000004d2                __vector_5
                0x000004d2                __vector_33
                0x000004d2                __vector_47
                0x000004d2                __vector_4
                0x000004d2                __vector_44
                0x000004d2                __vector_9
                0x000004d2                __vector_2
                0x000004d2                __vector_21
                0x000004d2                __vector_15
                0x000004d2                __vector_29
                0x000004d2                __vector_40
                0x000004d2                __vector_8
                0x000004d2                __vector_48
                0x000004d2                __vector_14
                0x000004d2                __vector_53
                0x000004d2                __vector_10
                0x000004d2                __vector_50
                0x000004d2                __vector_16
                0x000004d2                __vector_18
                0x000004d2                __vector_20
                0x000004d2                __vector_42
                0x000004d4                . = ALIGN (0x2)
 *(.text.*)
 .text.lora_UpLinkHandler_create
                0x000004d4       0x26 UpLinkHandler.o
                0x000004d4                lora_UpLinkHandler_create
 .text.lora_UpLinkHandler_task
                0x000004fa      0x212 UpLinkHandler.o
                0x000004fa                lora_UpLinkHandler_task
 .text.lora_UpLinkHandler_startTask
                0x0000070c       0x14 UpLinkHandler.o
                0x0000070c                lora_UpLinkHandler_startTask
 .text.trace_init
                0x00000720        0xc FreeRTOS/FreeRTOSTraceDriver/FreeRTOSTraceDriver.o
                0x00000720                trace_init
 .text.task_switch_in
                0x0000072c       0x14 FreeRTOS/FreeRTOSTraceDriver/FreeRTOSTraceDriver.o
                0x0000072c                task_switch_in
 .text.task_switch_out
                0x00000740        0xc FreeRTOS/FreeRTOSTraceDriver/FreeRTOSTraceDriver.o
                0x00000740                task_switch_out
 .text.prvInsertBlockIntoFreeList
                0x0000074c       0x9a FreeRTOS/src/heap_4.o
 .text.pvPortMalloc
                0x000007e6      0x172 FreeRTOS/src/heap_4.o
                0x000007e6                pvPortMalloc
 .text.vPortFree
                0x00000958       0x62 FreeRTOS/src/heap_4.o
                0x00000958                vPortFree
 .text.vListInitialise
                0x000009ba       0x22 FreeRTOS/src/list.o
                0x000009ba                vListInitialise
 .text.vListInitialiseItem
                0x000009dc        0x8 FreeRTOS/src/list.o
                0x000009dc                vListInitialiseItem
 .text.vListInsertEnd
                0x000009e4       0x42 FreeRTOS/src/list.o
                0x000009e4                vListInsertEnd
 .text.vListInsert
                0x00000a26       0x7a FreeRTOS/src/list.o
                0x00000a26                vListInsert
 .text.uxListRemove
                0x00000aa0       0x4e FreeRTOS/src/list.o
                0x00000aa0                uxListRemove
 .text.pxPortInitialiseStack
                0x00000aee       0xe4 FreeRTOS/src/port.o
                0x00000aee                pxPortInitialiseStack
 .text.xPortStartScheduler
                0x00000bd2       0x78 FreeRTOS/src/port.o
                0x00000bd2                xPortStartScheduler
 .text.vPortYield
                0x00000c4a       0xc2 FreeRTOS/src/port.o
                0x00000c4a                vPortYield
 .text.vPortYieldFromTick
                0x00000d0c       0xca FreeRTOS/src/port.o
                0x00000d0c                vPortYieldFromTick
 .text.__vector_12
                0x00000dd6        0x4 FreeRTOS/src/port.o
                0x00000dd6                __vector_12
 .text.prvIsQueueEmpty
                0x00000dda       0x16 FreeRTOS/src/queue.o
 .text.prvCopyDataToQueue
                0x00000df0       0xbe FreeRTOS/src/queue.o
 .text.prvCopyDataFromQueue
                0x00000eae       0x34 FreeRTOS/src/queue.o
 .text.prvUnlockQueue
                0x00000ee2       0x9a FreeRTOS/src/queue.o
 .text.xQueueGenericReset
                0x00000f7c       0x86 FreeRTOS/src/queue.o
                0x00000f7c                xQueueGenericReset
 .text.xQueueGenericCreate
                0x00001002       0x5c FreeRTOS/src/queue.o
                0x00001002                xQueueGenericCreate
 .text.xQueueGenericSend
                0x0000105e      0x13e FreeRTOS/src/queue.o
                0x0000105e                xQueueGenericSend
 .text.xQueueCreateMutex
                0x0000119c       0x36 FreeRTOS/src/queue.o
                0x0000119c                xQueueCreateMutex
 .text.xQueueGenericSendFromISR
                0x000011d2       0x70 FreeRTOS/src/queue.o
                0x000011d2                xQueueGenericSendFromISR
 .text.xQueueReceive
                0x00001242      0x12a FreeRTOS/src/queue.o
                0x00001242                xQueueReceive
 .text.vQueueWaitForMessageRestricted
                0x0000136c       0x36 FreeRTOS/src/queue.o
                0x0000136c                vQueueWaitForMessageRestricted
 .text.prvBytesInBuffer
                0x000013a2       0x26 FreeRTOS/src/stream_buffer.o
 .text.prvWriteBytesToBuffer
                0x000013c8       0x92 FreeRTOS/src/stream_buffer.o
 .text.prvWriteMessageToBuffer
                0x0000145a       0x80 FreeRTOS/src/stream_buffer.o
 .text.prvReadBytesFromBuffer
                0x000014da       0x9c FreeRTOS/src/stream_buffer.o
 .text.xStreamBufferGenericCreate
                0x00001576       0x58 FreeRTOS/src/stream_buffer.o
                0x00001576                xStreamBufferGenericCreate
 .text.xStreamBufferReset
                0x000015ce       0x5a FreeRTOS/src/stream_buffer.o
                0x000015ce                xStreamBufferReset
 .text.xStreamBufferSpacesAvailable
                0x00001628       0x24 FreeRTOS/src/stream_buffer.o
                0x00001628                xStreamBufferSpacesAvailable
 .text.xStreamBufferSend
                0x0000164c      0x152 FreeRTOS/src/stream_buffer.o
                0x0000164c                xStreamBufferSend
 .text.xStreamBufferSendFromISR
                0x0000179e       0x84 FreeRTOS/src/stream_buffer.o
                0x0000179e                xStreamBufferSendFromISR
 .text.xStreamBufferReceive
                0x00001822      0x142 FreeRTOS/src/stream_buffer.o
                0x00001822                xStreamBufferReceive
 .text.prvResetNextTaskUnblockTime
                0x00001964       0x54 FreeRTOS/src/tasks.o
 .text.prvAddCurrentTaskToDelayedList
                0x000019b8       0xec FreeRTOS/src/tasks.o
 .text.xTaskCreate
                0x00001aa4      0x23e FreeRTOS/src/tasks.o
                0x00001aa4                xTaskCreate
 .text.vTaskStartScheduler
                0x00001ce2       0x78 FreeRTOS/src/tasks.o
                0x00001ce2                vTaskStartScheduler
 .text.vTaskSuspendAll
                0x00001d5a        0xc FreeRTOS/src/tasks.o
                0x00001d5a                vTaskSuspendAll
 .text.xTaskGetTickCount
                0x00001d66       0x1c FreeRTOS/src/tasks.o
                0x00001d66                xTaskGetTickCount
 .text.xTaskIncrementTick
                0x00001d82      0x1aa FreeRTOS/src/tasks.o
                0x00001d82                xTaskIncrementTick
 .text.xTaskResumeAll
                0x00001f2c       0xf8 FreeRTOS/src/tasks.o
                0x00001f2c                xTaskResumeAll
 .text.vTaskDelay
                0x00002024       0x32 FreeRTOS/src/tasks.o
                0x00002024                vTaskDelay
 .text.vTaskSwitchContext
                0x00002056       0xfe FreeRTOS/src/tasks.o
                0x00002056                vTaskSwitchContext
 .text.vTaskPlaceOnEventList
                0x00002154       0x2e FreeRTOS/src/tasks.o
                0x00002154                vTaskPlaceOnEventList
 .text.vTaskPlaceOnEventListRestricted
                0x00002182       0x40 FreeRTOS/src/tasks.o
                0x00002182                vTaskPlaceOnEventListRestricted
 .text.xTaskRemoveFromEventList
                0x000021c2       0x84 FreeRTOS/src/tasks.o
                0x000021c2                xTaskRemoveFromEventList
 .text.vTaskSetTimeOutState
                0x00002246       0x2c FreeRTOS/src/tasks.o
                0x00002246                vTaskSetTimeOutState
 .text.vTaskInternalSetTimeOutState
                0x00002272       0x22 FreeRTOS/src/tasks.o
                0x00002272                vTaskInternalSetTimeOutState
 .text.xTaskCheckForTimeOut
                0x00002294       0xaa FreeRTOS/src/tasks.o
                0x00002294                xTaskCheckForTimeOut
 .text.vTaskMissedYield
                0x0000233e        0x8 FreeRTOS/src/tasks.o
                0x0000233e                vTaskMissedYield
 .text.xTaskGetCurrentTaskHandle
                0x00002346        0xa FreeRTOS/src/tasks.o
                0x00002346                xTaskGetCurrentTaskHandle
 .text.xTaskGetSchedulerState
                0x00002350       0x1c FreeRTOS/src/tasks.o
                0x00002350                xTaskGetSchedulerState
 .text.xTaskPriorityDisinherit
                0x0000236c       0x80 FreeRTOS/src/tasks.o
                0x0000236c                xTaskPriorityDisinherit
 .text.xTaskNotifyWait
                0x000023ec      0x114 FreeRTOS/src/tasks.o
                0x000023ec                xTaskNotifyWait
 .text.xTaskGenericNotify
                0x00002500       0xf0 FreeRTOS/src/tasks.o
                0x00002500                xTaskGenericNotify
 .text.xTaskGenericNotifyFromISR
                0x000025f0      0x112 FreeRTOS/src/tasks.o
                0x000025f0                xTaskGenericNotifyFromISR
 .text.xTaskNotifyStateClear
                0x00002702       0x28 FreeRTOS/src/tasks.o
                0x00002702                xTaskNotifyStateClear
 .text.prvInsertTimerInActiveList
                0x0000272a       0x92 FreeRTOS/src/timers.o
 .text.prvCheckForValidListAndQueue
                0x000027bc       0x52 FreeRTOS/src/timers.o
 .text.xTimerCreateTimerTask
                0x0000280e       0x40 FreeRTOS/src/timers.o
                0x0000280e                xTimerCreateTimerTask
 .text.xTimerGenericCommand
                0x0000284e       0xbc FreeRTOS/src/timers.o
                0x0000284e                xTimerGenericCommand
 .text.prvSampleTimeNow
                0x0000290a      0x12c FreeRTOS/src/timers.o
 .text.vApplicationIdleHook
                0x00002a36        0x2 FreeRTOS/src/variantHooks.o
                0x00002a36                vApplicationIdleHook
 .text.vApplicationMallocFailedHook
                0x00002a38       0x1a FreeRTOS/src/variantHooks.o
                0x00002a38                vApplicationMallocFailedHook
 .text.vApplicationStackOverflowHook
                0x00002a52       0x1a FreeRTOS/src/variantHooks.o
                0x00002a52                vApplicationStackOverflowHook
 .text.initialiseSystem
                0x00002a6c       0x2e main.o
                0x00002a6c                initialiseSystem
 .text.doStuff  0x00002a9a       0x14 main.o
                0x00002a9a                doStuff
 .text.create_tasks_and_semaphores
                0x00002aae       0x54 main.o
                0x00002aae                create_tasks_and_semaphores
 .text.main     0x00002b02       0x10 main.o
                0x00002b02                main
 .text.avr-libc.fplib
                0x00002b12       0x7a c:/program files (x86)/atmel/studio/7.0/toolchain/avr8/avr8-gnu-toolchain/bin/../lib/gcc/avr/5.4.0/../../../../avr/lib/avr6\libm.a(floatsisf.o)
                0x00002b12                __floatunsisf
                0x00002b16                __floatsisf
 .text.hal_create
                0x00002b8c       0x64 ../drivers\libIotLibrary.a(hal.o)
                0x00002b8c                hal_create
 .text._turn_off
                0x00002bf0       0x5c ../drivers\libIotLibrary.a(led.o)
 .text._turn_on
                0x00002c4c       0x5c ../drivers\libIotLibrary.a(led.o)
 .text._hal_led_task
                0x00002ca8       0x82 ../drivers\libIotLibrary.a(led.o)
 .text.led_create
                0x00002d2a      0x10a ../drivers\libIotLibrary.a(led.o)
                0x00002d2a                led_create
 .text.led_slow_blink
                0x00002e34       0x4e ../drivers\libIotLibrary.a(led.o)
                0x00002e34                led_slow_blink
 .text.led_fast_blink
                0x00002e82       0x4e ../drivers\libIotLibrary.a(led.o)
                0x00002e82                led_fast_blink
 .text.led_led_on
                0x00002ed0       0x1e ../drivers\libIotLibrary.a(led.o)
                0x00002ed0                led_led_on
 .text.led_led_off
                0x00002eee       0x1e ../drivers\libIotLibrary.a(led.o)
                0x00002eee                led_led_off
 .text.led_long_puls
                0x00002f0c       0x24 ../drivers\libIotLibrary.a(led.o)
                0x00002f0c                led_long_puls
 .text.led_short_puls
                0x00002f30       0x24 ../drivers\libIotLibrary.a(led.o)
                0x00002f30                led_short_puls
 .text._serial_call_back
                0x00002f54       0x8c ../drivers\libIotLibrary.a(lora_driver.o)
 .text._upload_message
                0x00002fe0       0xb4 ../drivers\libIotLibrary.a(lora_driver.o)
 .text._reply2return_code
                0x00003094       0xea ../drivers\libIotLibrary.a(lora_driver.o)
 .text._upload_message_rc
                0x0000317e        0x6 ../drivers\libIotLibrary.a(lora_driver.o)
 .text.lora_driver_flush_buffers
                0x00003184        0xe ../drivers\libIotLibrary.a(lora_driver.o)
                0x00003184                lora_driver_flush_buffers
 .text.lora_driver_create
                0x00003192       0x86 ../drivers\libIotLibrary.a(lora_driver.o)
                0x00003192                lora_driver_create
 .text.lora_driver_reset_rn2483
                0x00003218       0x28 ../drivers\libIotLibrary.a(lora_driver.o)
                0x00003218                lora_driver_reset_rn2483
 .text.lora_driver_rn2483_factory_reset
                0x00003240       0x24 ../drivers\libIotLibrary.a(lora_driver.o)
                0x00003240                lora_driver_rn2483_factory_reset
 .text.lora_driver_get_rn2483_hweui
                0x00003264       0x38 ../drivers\libIotLibrary.a(lora_driver.o)
                0x00003264                lora_driver_get_rn2483_hweui
 .text.lora_driver_set_device_identifier
                0x0000329c       0x22 ../drivers\libIotLibrary.a(lora_driver.o)
                0x0000329c                lora_driver_set_device_identifier
 .text.lora_driver_set_application_identifier
                0x000032be       0x22 ../drivers\libIotLibrary.a(lora_driver.o)
                0x000032be                lora_driver_set_application_identifier
 .text.lora_driver_set_application_key
                0x000032e0       0x22 ../drivers\libIotLibrary.a(lora_driver.o)
                0x000032e0                lora_driver_set_application_key
 .text.lora_driver_save_mac
                0x00003302        0xc ../drivers\libIotLibrary.a(lora_driver.o)
                0x00003302                lora_driver_save_mac
 .text.lora_driver_join
                0x0000330e       0x52 ../drivers\libIotLibrary.a(lora_driver.o)
                0x0000330e                lora_driver_join
 .text.lora_driver_sent_upload_message
                0x00003360      0x196 ../drivers\libIotLibrary.a(lora_driver.o)
                0x00003360                lora_driver_sent_upload_message
 .text.lora_driver_set_adaptive_data_rate
                0x000034f6       0x16 ../drivers\libIotLibrary.a(lora_driver.o)
                0x000034f6                lora_driver_set_adaptive_data_rate
 .text.lora_driver_set_receive_delay
                0x0000350c       0x30 ../drivers\libIotLibrary.a(lora_driver.o)
                0x0000350c                lora_driver_set_receive_delay
 .text.lora_driver_configure_to_eu868
                0x0000353c      0x1bc ../drivers\libIotLibrary.a(lora_driver.o)
                0x0000353c                lora_driver_configure_to_eu868
 .text.lora_driver_set_otaa_identity
                0x000036f8       0x42 ../drivers\libIotLibrary.a(lora_driver.o)
                0x000036f8                lora_driver_set_otaa_identity
 .text.lora_driver_map_return_code_to_text
                0x0000373a       0x18 ../drivers\libIotLibrary.a(lora_driver.o)
                0x0000373a                lora_driver_map_return_code_to_text
 .text.decode_port_no
                0x00003752       0x58 ../drivers\libIotLibrary.a(lora_driver_utils.o)
                0x00003752                decode_port_no
 .text.decode_hexadecimal_string_bytes
                0x000037aa       0x92 ../drivers\libIotLibrary.a(lora_driver_utils.o)
                0x000037aa                decode_hexadecimal_string_bytes
 .text.reg_read_register
                0x0000383c        0x6 ../drivers\libIotLibrary.a(mega_register_access.o)
                0x0000383c                reg_read_register
 .text.reg_read_bit
                0x00003842       0x16 ../drivers\libIotLibrary.a(mega_register_access.o)
                0x00003842                reg_read_bit
 .text.reg_read_bits
                0x00003858        0x8 ../drivers\libIotLibrary.a(mega_register_access.o)
                0x00003858                reg_read_bits
 .text.reg_set_register
                0x00003860        0x6 ../drivers\libIotLibrary.a(mega_register_access.o)
                0x00003860                reg_set_register
 .text.reg_clear_register
                0x00003866        0x6 ../drivers\libIotLibrary.a(mega_register_access.o)
                0x00003866                reg_clear_register
 .text.reg_set_bit
                0x0000386c       0x18 ../drivers\libIotLibrary.a(mega_register_access.o)
                0x0000386c                reg_set_bit
 .text.reg_set_bits
                0x00003884        0xa ../drivers\libIotLibrary.a(mega_register_access.o)
                0x00003884                reg_set_bits
 .text.reg_toggle_bit
                0x0000388e       0x18 ../drivers\libIotLibrary.a(mega_register_access.o)
                0x0000388e                reg_toggle_bit
 .text.reg_toggle_bits
                0x000038a6        0xa ../drivers\libIotLibrary.a(mega_register_access.o)
                0x000038a6                reg_toggle_bits
 .text.reg_clear_bit
                0x000038b0       0x1a ../drivers\libIotLibrary.a(mega_register_access.o)
                0x000038b0                reg_clear_bit
 .text.reg_clear_bits
                0x000038ca        0xc ../drivers\libIotLibrary.a(mega_register_access.o)
                0x000038ca                reg_clear_bits
 .text.serial_new_instance
                0x000038d6      0x12c ../drivers\libIotLibrary.a(serial.o)
                0x000038d6                serial_new_instance
 .text.serial_send_byte
                0x00003a02       0x4a ../drivers\libIotLibrary.a(serial.o)
                0x00003a02                serial_send_byte
 .text.serial_send_bytes
                0x00003a4c       0xa0 ../drivers\libIotLibrary.a(serial.o)
                0x00003a4c                serial_send_bytes
 .text.serial_get_byte
                0x00003aec       0x38 ../drivers\libIotLibrary.a(serial.o)
                0x00003aec                serial_get_byte
 .text.__vector_25
                0x00003b24       0xa4 ../drivers\libIotLibrary.a(serial.o)
                0x00003b24                __vector_25
 .text.__vector_26
                0x00003bc8       0x88 ../drivers\libIotLibrary.a(serial.o)
                0x00003bc8                __vector_26
 .text.__vector_36
                0x00003c50       0xa4 ../drivers\libIotLibrary.a(serial.o)
                0x00003c50                __vector_36
 .text.__vector_37
                0x00003cf4       0x88 ../drivers\libIotLibrary.a(serial.o)
                0x00003cf4                __vector_37
 .text.__vector_51
                0x00003d7c       0xa4 ../drivers\libIotLibrary.a(serial.o)
                0x00003d7c                __vector_51
 .text.__vector_52
                0x00003e20       0x88 ../drivers\libIotLibrary.a(serial.o)
                0x00003e20                __vector_52
 .text.__vector_54
                0x00003ea8       0xa4 ../drivers\libIotLibrary.a(serial.o)
                0x00003ea8                __vector_54
 .text.__vector_55
                0x00003f4c       0x88 ../drivers\libIotLibrary.a(serial.o)
                0x00003f4c                __vector_55
 .text.usart_getchar
                0x00003fd4       0x2a ../drivers\libIotLibrary.a(stdio_driver.o)
 .text.usart_putchar
                0x00003ffe       0x12 ../drivers\libIotLibrary.a(stdio_driver.o)
 .text.stdioCreate
                0x00004010       0x52 ../drivers\libIotLibrary.a(stdio_driver.o)
                0x00004010                stdioCreate
 .text.__vector_39
                0x00004062      0x17a ../drivers\libIotLibrary.a(twi.o)
                0x00004062                __vector_39
 .text.fifo_init
                0x000041dc       0x38 ../drivers\libIotLibrary.a(fifo.o)
                0x000041dc                fifo_init
 .text.avr-libc.fplib
                0x00004214        0xa c:/program files (x86)/atmel/studio/7.0/toolchain/avr8/avr8-gnu-toolchain/bin/../lib/gcc/avr/5.4.0/../../../../avr/lib/avr6\libm.a(addsf3.o)
                0x00004214                __subsf3
                0x00004216                __addsf3
 .text.avr-libc.fplib
                0x0000421e       0xc0 c:/program files (x86)/atmel/studio/7.0/toolchain/avr8/avr8-gnu-toolchain/bin/../lib/gcc/avr/5.4.0/../../../../avr/lib/avr6\libm.a(addsf3x.o)
                0x00004238                __addsf3x
 .text.avr-libc.fplib
                0x000042de        0x4 c:/program files (x86)/atmel/studio/7.0/toolchain/avr8/avr8-gnu-toolchain/bin/../lib/gcc/avr/5.4.0/../../../../avr/lib/avr6\libm.a(divsf3.o)
                0x000042de                __divsf3
 .text.avr-libc.fplib
                0x000042e2       0xcc c:/program files (x86)/atmel/studio/7.0/toolchain/avr8/avr8-gnu-toolchain/bin/../lib/gcc/avr/5.4.0/../../../../avr/lib/avr6\libm.a(divsf3x.o)
                0x000042f8                __divsf3x
                0x000042fc                __divsf3_pse
 .text.avr-libc.fplib
                0x000043ae       0x58 c:/program files (x86)/atmel/studio/7.0/toolchain/avr8/avr8-gnu-toolchain/bin/../lib/gcc/avr/5.4.0/../../../../avr/lib/avr6\libm.a(fixunssfsi.o)
                0x000043ae                __fixunssfsi
 .text.avr-libc.fplib
                0x00004406        0xc c:/program files (x86)/atmel/studio/7.0/toolchain/avr8/avr8-gnu-toolchain/bin/../lib/gcc/avr/5.4.0/../../../../avr/lib/avr6\libm.a(fp_inf.o)
                0x00004406                __fp_inf
 .text.avr-libc.fplib
                0x00004412        0x6 c:/program files (x86)/atmel/studio/7.0/toolchain/avr8/avr8-gnu-toolchain/bin/../lib/gcc/avr/5.4.0/../../../../avr/lib/avr6\libm.a(fp_nan.o)
                0x00004412                __fp_nan
 .text.avr-libc.fplib
                0x00004418        0xe c:/program files (x86)/atmel/studio/7.0/toolchain/avr8/avr8-gnu-toolchain/bin/../lib/gcc/avr/5.4.0/../../../../avr/lib/avr6\libm.a(fp_pscA.o)
                0x00004418                __fp_pscA
 .text.avr-libc.fplib
                0x00004426        0xe c:/program files (x86)/atmel/studio/7.0/toolchain/avr8/avr8-gnu-toolchain/bin/../lib/gcc/avr/5.4.0/../../../../avr/lib/avr6\libm.a(fp_pscB.o)
                0x00004426                __fp_pscB
 .text.avr-libc.fplib
                0x00004434       0x22 c:/program files (x86)/atmel/studio/7.0/toolchain/avr8/avr8-gnu-toolchain/bin/../lib/gcc/avr/5.4.0/../../../../avr/lib/avr6\libm.a(fp_round.o)
                0x00004434                __fp_round
 .text.avr-libc.fplib
                0x00004456       0x44 c:/program files (x86)/atmel/studio/7.0/toolchain/avr8/avr8-gnu-toolchain/bin/../lib/gcc/avr/5.4.0/../../../../avr/lib/avr6\libm.a(fp_split3.o)
                0x00004456                __fp_split3
                0x00004466                __fp_splitA
 .text.avr-libc.fplib
                0x0000449a        0xe c:/program files (x86)/atmel/studio/7.0/toolchain/avr8/avr8-gnu-toolchain/bin/../lib/gcc/avr/5.4.0/../../../../avr/lib/avr6\libm.a(fp_zero.o)
                0x0000449a                __fp_zero
                0x0000449c                __fp_szero
 .text.avr-libc.fplib
                0x000044a8        0x4 c:/program files (x86)/atmel/studio/7.0/toolchain/avr8/avr8-gnu-toolchain/bin/../lib/gcc/avr/5.4.0/../../../../avr/lib/avr6\libm.a(mulsf3.o)
                0x000044a8                __mulsf3
 .text.avr-libc.fplib
                0x000044ac       0xc2 c:/program files (x86)/atmel/studio/7.0/toolchain/avr8/avr8-gnu-toolchain/bin/../lib/gcc/avr/5.4.0/../../../../avr/lib/avr6\libm.a(mulsf3x.o)
                0x000044c0                __mulsf3x
                0x000044c4                __mulsf3_pse
 .text.libgcc   0x0000456e       0x10 c:/program files (x86)/atmel/studio/7.0/toolchain/avr8/avr8-gnu-toolchain/bin/../lib/gcc/avr/5.4.0/avr6\libgcc.a(_tablejump2.o)
                0x0000456e                __tablejump2__
 .text.avr-libc
                0x0000457e       0x34 c:/program files (x86)/atmel/studio/7.0/toolchain/avr8/avr8-gnu-toolchain/bin/../lib/gcc/avr/5.4.0/../../../../avr/lib/avr6\libc.a(calloc.o)
                0x0000457e                calloc
 .text.avr-libc
                0x000045b2      0x242 c:/program files (x86)/atmel/studio/7.0/toolchain/avr8/avr8-gnu-toolchain/bin/../lib/gcc/avr/5.4.0/../../../../avr/lib/avr6\libc.a(malloc.o)
                0x000045b2                malloc
                0x000046e2                free
 .text.avr-libc
                0x000047f4        0x8 c:/program files (x86)/atmel/studio/7.0/toolchain/avr8/avr8-gnu-toolchain/bin/../lib/gcc/avr/5.4.0/../../../../avr/lib/avr6\libc.a(abort.o)
                0x000047f4                abort
 .text.avr-libc
                0x000047fc       0x12 c:/program files (x86)/atmel/studio/7.0/toolchain/avr8/avr8-gnu-toolchain/bin/../lib/gcc/avr/5.4.0/../../../../avr/lib/avr6\libc.a(memcpy.o)
                0x000047fc                memcpy
 .text.avr-libc
                0x0000480e        0xe c:/program files (x86)/atmel/studio/7.0/toolchain/avr8/avr8-gnu-toolchain/bin/../lib/gcc/avr/5.4.0/../../../../avr/lib/avr6\libc.a(memset.o)
                0x0000480e                memset
 .text.avr-libc
                0x0000481c       0x4a c:/program files (x86)/atmel/studio/7.0/toolchain/avr8/avr8-gnu-toolchain/bin/../lib/gcc/avr/5.4.0/../../../../avr/lib/avr6\libc.a(strcasestr.o)
                0x0000481c                strcasestr
 .text.avr-libc
                0x00004866       0x16 c:/program files (x86)/atmel/studio/7.0/toolchain/avr8/avr8-gnu-toolchain/bin/../lib/gcc/avr/5.4.0/../../../../avr/lib/avr6\libc.a(strcat.o)
                0x00004866                strcat
 .text.avr-libc
                0x0000487c        0xe c:/program files (x86)/atmel/studio/7.0/toolchain/avr8/avr8-gnu-toolchain/bin/../lib/gcc/avr/5.4.0/../../../../avr/lib/avr6\libc.a(strcpy.o)
                0x0000487c                strcpy
 .text.avr-libc
                0x0000488a       0x30 c:/program files (x86)/atmel/studio/7.0/toolchain/avr8/avr8-gnu-toolchain/bin/../lib/gcc/avr/5.4.0/../../../../avr/lib/avr6\libc.a(strncasecmp.o)
                0x0000488a                strncasecmp
 .text.avr-libc
                0x000048ba       0x26 c:/program files (x86)/atmel/studio/7.0/toolchain/avr8/avr8-gnu-toolchain/bin/../lib/gcc/avr/5.4.0/../../../../avr/lib/avr6\libc.a(printf.o)
                0x000048ba                printf
 .text.avr-libc
                0x000048e0       0x60 c:/program files (x86)/atmel/studio/7.0/toolchain/avr8/avr8-gnu-toolchain/bin/../lib/gcc/avr/5.4.0/../../../../avr/lib/avr6\libc.a(puts.o)
                0x000048e0                puts
 .text.avr-libc
                0x00004940       0x5c c:/program files (x86)/atmel/studio/7.0/toolchain/avr8/avr8-gnu-toolchain/bin/../lib/gcc/avr/5.4.0/../../../../avr/lib/avr6\libc.a(sprintf.o)
                0x00004940                sprintf
 .text.avr-libc
                0x0000499c      0x3fa c:/program files (x86)/atmel/studio/7.0/toolchain/avr8/avr8-gnu-toolchain/bin/../lib/gcc/avr/5.4.0/../../../../avr/lib/avr6\libc.a(vfprintf_std.o)
                0x0000499c                vfprintf
 .text.avr-libc
                0x00004d96       0x16 c:/program files (x86)/atmel/studio/7.0/toolchain/avr8/avr8-gnu-toolchain/bin/../lib/gcc/avr/5.4.0/../../../../avr/lib/avr6\libc.a(strnlen_P.o)
                0x00004d96                strnlen_P
 .text.avr-libc
                0x00004dac       0x16 c:/program files (x86)/atmel/studio/7.0/toolchain/avr8/avr8-gnu-toolchain/bin/../lib/gcc/avr/5.4.0/../../../../avr/lib/avr6\libc.a(strnlen.o)
                0x00004dac                strnlen
 .text.avr-libc
                0x00004dc2       0x78 c:/program files (x86)/atmel/studio/7.0/toolchain/avr8/avr8-gnu-toolchain/bin/../lib/gcc/avr/5.4.0/../../../../avr/lib/avr6\libc.a(fputc.o)
                0x00004dc2                fputc
 .text.avr-libc
                0x00004e3a       0xbc c:/program files (x86)/atmel/studio/7.0/toolchain/avr8/avr8-gnu-toolchain/bin/../lib/gcc/avr/5.4.0/../../../../avr/lib/avr6\libc.a(ultoa_invert.o)
                0x00004e3a                __ultoa_invert
                0x00004ef6                . = ALIGN (0x2)
 *(.fini9)
 .fini9         0x00004ef6        0x0 c:/program files (x86)/atmel/studio/7.0/toolchain/avr8/avr8-gnu-toolchain/bin/../lib/gcc/avr/5.4.0/avr6\libgcc.a(_exit.o)
                0x00004ef6                _exit
                0x00004ef6                exit
 *(.fini9)
 *(.fini8)
 *(.fini8)
 *(.fini7)
 *(.fini7)
 *(.fini6)
 *(.fini6)
 *(.fini5)
 *(.fini5)
 *(.fini4)
 *(.fini4)
 *(.fini3)
 *(.fini3)
 *(.fini2)
 *(.fini2)
 *(.fini1)
 *(.fini1)
 *(.fini0)
 .fini0         0x00004ef6        0x4 c:/program files (x86)/atmel/studio/7.0/toolchain/avr8/avr8-gnu-toolchain/bin/../lib/gcc/avr/5.4.0/avr6\libgcc.a(_exit.o)
 *(.fini0)
                0x00004efa                _etext = .

.data           0x00800200      0x4a6 load address 0x00004efa
                0x00800200                PROVIDE (__data_start, .)
 *(.data)
 .data          0x00800200        0x6 c:/program files (x86)/atmel/studio/7.0/toolchain/avr8/avr8-gnu-toolchain/bin/../lib/gcc/avr/5.4.0/../../../../avr/lib/avr6\libc.a(malloc.o)
                0x00800200                __malloc_heap_end
                0x00800202                __malloc_heap_start
                0x00800204                __malloc_margin
 *(.data*)
 .data._com_port_2_udr
                0x00800206        0x8 ../drivers\libIotLibrary.a(serial.o)
                0x00800206                _com_port_2_udr
 .data.mystdout.1881
                0x0080020e        0xe ../drivers\libIotLibrary.a(stdio_driver.o)
 .data._twiCurrentState
                0x0080021c        0x1 ../drivers\libIotLibrary.a(twi.o)
 *(.gnu.linkonce.d*)
 *(.rodata)
 .rodata        0x0080021d       0x20 ../drivers\libIotLibrary.a(lora_driver.o)
 *(.rodata*)
 .rodata.str1.1
                0x0080023d      0x14b UpLinkHandler.o
 .rodata.str1.1
                0x00800388        0x5 FreeRTOS/src/tasks.o
 .rodata.str1.1
                0x0080038d        0x8 FreeRTOS/src/timers.o
 .rodata.str1.1
                0x00800395       0x3c main.o
 .rodata.str1.1
                0x008003d1        0x8 ../drivers\libIotLibrary.a(led.o)
 .rodata.str1.1
                0x008003d9      0x295 ../drivers\libIotLibrary.a(lora_driver.o)
                                0x2a5 (size before relaxing)
 .rodata._join_mode
                0x0080066e        0x4 ../drivers\libIotLibrary.a(lora_driver.o)
 .rodata._return_code
                0x00800672       0x33 ../drivers\libIotLibrary.a(lora_driver.o)
                0x00800672                _return_code
 *(.gnu.linkonce.r*)
                0x008006a6                . = ALIGN (0x2)
 *fill*         0x008006a5        0x1 
                0x008006a6                _edata = .
                0x008006a6                PROVIDE (__data_end, .)

.bss            0x008006a6     0x124b
                0x008006a6                PROVIDE (__bss_start, .)
 *(.bss)
 *(.bss*)
 .bss._uplink_payload
                0x008006a6       0x16 UpLinkHandler.o
 .bss._out_buf  0x008006bc       0x64 UpLinkHandler.o
 .bss.xBlockAllocatedBit
                0x00800720        0x2 FreeRTOS/src/heap_4.o
 .bss.xMinimumEverFreeBytesRemaining
                0x00800722        0x2 FreeRTOS/src/heap_4.o
 .bss.xFreeBytesRemaining
                0x00800724        0x2 FreeRTOS/src/heap_4.o
 .bss.pxEnd     0x00800726        0x2 FreeRTOS/src/heap_4.o
 .bss.xStart    0x00800728        0x4 FreeRTOS/src/heap_4.o
 .bss.ucHeap    0x0080072c      0xfa0 FreeRTOS/src/heap_4.o
 .bss.uxSchedulerSuspended
                0x008016cc        0x1 FreeRTOS/src/tasks.o
 .bss.xIdleTaskHandle
                0x008016cd        0x2 FreeRTOS/src/tasks.o
 .bss.xNextTaskUnblockTime
                0x008016cf        0x4 FreeRTOS/src/tasks.o
 .bss.uxTaskNumber
                0x008016d3        0x1 FreeRTOS/src/tasks.o
 .bss.xNumOfOverflows
                0x008016d4        0x1 FreeRTOS/src/tasks.o
 .bss.xYieldPending
                0x008016d5        0x1 FreeRTOS/src/tasks.o
 .bss.uxPendedTicks
                0x008016d6        0x1 FreeRTOS/src/tasks.o
 .bss.xSchedulerRunning
                0x008016d7        0x1 FreeRTOS/src/tasks.o
 .bss.uxTopReadyPriority
                0x008016d8        0x1 FreeRTOS/src/tasks.o
 .bss.xTickCount
                0x008016d9        0x4 FreeRTOS/src/tasks.o
 .bss.uxCurrentNumberOfTasks
                0x008016dd        0x1 FreeRTOS/src/tasks.o
 .bss.xSuspendedTaskList
                0x008016de        0xb FreeRTOS/src/tasks.o
 .bss.uxDeletedTasksWaitingCleanUp
                0x008016e9        0x1 FreeRTOS/src/tasks.o
 .bss.xTasksWaitingTermination
                0x008016ea        0xb FreeRTOS/src/tasks.o
 .bss.xPendingReadyList
                0x008016f5        0xb FreeRTOS/src/tasks.o
 .bss.pxOverflowDelayedTaskList
                0x00801700        0x2 FreeRTOS/src/tasks.o
 .bss.pxDelayedTaskList
                0x00801702        0x2 FreeRTOS/src/tasks.o
 .bss.xDelayedTaskList2
                0x00801704        0xb FreeRTOS/src/tasks.o
 .bss.xDelayedTaskList1
                0x0080170f        0xb FreeRTOS/src/tasks.o
 .bss.pxReadyTasksLists
                0x0080171a       0x2c FreeRTOS/src/tasks.o
 .bss.pxCurrentTCB
                0x00801746        0x2 FreeRTOS/src/tasks.o
                0x00801746                pxCurrentTCB
 .bss.xLastTime.2432
                0x00801748        0x4 FreeRTOS/src/timers.o
 .bss.xTimerTaskHandle
                0x0080174c        0x2 FreeRTOS/src/timers.o
 .bss.xTimerQueue
                0x0080174e        0x2 FreeRTOS/src/timers.o
 .bss.pxOverflowTimerList
                0x00801750        0x2 FreeRTOS/src/timers.o
 .bss.pxCurrentTimerList
                0x00801752        0x2 FreeRTOS/src/timers.o
 .bss.xActiveTimerList2
                0x00801754        0xb FreeRTOS/src/timers.o
 .bss.xActiveTimerList1
                0x0080175f        0xb FreeRTOS/src/timers.o
 .bss._led_status
                0x0080176a       0x18 ../drivers\libIotLibrary.a(led.o)
 .bss._tmp_buf.2940
                0x00801782       0x64 ../drivers\libIotLibrary.a(lora_driver.o)
 .bss.rec_buf_inp.2947
                0x008017e6        0x1 ../drivers\libIotLibrary.a(lora_driver.o)
 .bss._downlinkMessageBuffer
                0x008017e7        0x2 ../drivers\libIotLibrary.a(lora_driver.o)
 .bss._serial_reply_buffer_handle
                0x008017e9        0x2 ../drivers\libIotLibrary.a(lora_driver.o)
 .bss._rn2483_serial
                0x008017eb        0x2 ../drivers\libIotLibrary.a(lora_driver.o)
 .bss._downlink_payload
                0x008017ed       0x16 ../drivers\libIotLibrary.a(lora_driver.o)
 .bss._pay_load_hex_bytes
                0x00801803       0x15 ../drivers\libIotLibrary.a(lora_driver.o)
 .bss._rec_message_buf
                0x00801818       0x2d ../drivers\libIotLibrary.a(lora_driver.o)
 .bss._send_message
                0x00801845       0x2d ../drivers\libIotLibrary.a(lora_driver.o)
 .bss._reply_mess
                0x00801872       0x2d ../drivers\libIotLibrary.a(lora_driver.o)
 .bss._ser_handle
                0x0080189f        0x8 ../drivers\libIotLibrary.a(serial.o)
 .bss._com_serial_instance
                0x008018a7        0x2 ../drivers\libIotLibrary.a(stdio_driver.o)
 .bss._index.1885
                0x008018a9        0x1 ../drivers\libIotLibrary.a(twi.o)
 .bss._twiCurrentHandler
                0x008018aa        0x2 ../drivers\libIotLibrary.a(twi.o)
 .bss._twiMessageLen
                0x008018ac        0x1 ../drivers\libIotLibrary.a(twi.o)
 .bss._twiMessageBuffer
                0x008018ad        0xa ../drivers\libIotLibrary.a(twi.o)
 *(COMMON)
 COMMON         0x008018b7       0x1a main.o
                0x008018b7                xMessageBuffer
                0x008018b9                xTestSemaphore
                0x008018bb                payload
 COMMON         0x008018d1       0x16 ../drivers\libIotLibrary.a(hal.o)
                0x008018d1                register_access
 COMMON         0x008018e7        0x4 c:/program files (x86)/atmel/studio/7.0/toolchain/avr8/avr8-gnu-toolchain/bin/../lib/gcc/avr/5.4.0/../../../../avr/lib/avr6\libc.a(malloc.o)
                0x008018e7                __brkval
                0x008018e9                __flp
 COMMON         0x008018eb        0x6 c:/program files (x86)/atmel/studio/7.0/toolchain/avr8/avr8-gnu-toolchain/bin/../lib/gcc/avr/5.4.0/../../../../avr/lib/avr6\libc.a(iob.o)
                0x008018eb                __iob
                0x008018f1                PROVIDE (__bss_end, .)
                0x00004efa                __data_load_start = LOADADDR (.data)
                0x000053a0                __data_load_end = (__data_load_start + SIZEOF (.data))

.noinit         0x008018f1        0x0
                [!provide]                PROVIDE (__noinit_start, .)
 *(.noinit*)
                [!provide]                PROVIDE (__noinit_end, .)
                0x008018f1                _end = .
                0x008018f1                PROVIDE (__heap_start, .)

.eeprom         0x00810000        0x0
 *(.eeprom*)
                0x00810000                __eeprom_end = .

.fuse
 *(.fuse)
 *(.lfuse)
 *(.hfuse)
 *(.efuse)

.lock
 *(.lock*)

.signature
 *(.signature*)

.user_signatures
 *(.user_signatures*)

.stab
 *(.stab)

.stabstr
 *(.stabstr)

.stab.excl
 *(.stab.excl)

.stab.exclstr
 *(.stab.exclstr)

.stab.index
 *(.stab.index)

.stab.indexstr
 *(.stab.indexstr)

.comment        0x00000000       0x5c
 *(.comment)
 .comment       0x00000000       0x30 UpLinkHandler.o
                                 0x31 (size before relaxing)
 .comment       0x00000030       0x31 FreeRTOS/FreeRTOSTraceDriver/FreeRTOSTraceDriver.o
 .comment       0x00000030       0x31 FreeRTOS/src/heap_4.o
 .comment       0x00000030       0x31 FreeRTOS/src/list.o
 .comment       0x00000030       0x31 FreeRTOS/src/port.o
 .comment       0x00000030       0x31 FreeRTOS/src/queue.o
 .comment       0x00000030       0x31 FreeRTOS/src/stream_buffer.o
 .comment       0x00000030       0x31 FreeRTOS/src/tasks.o
 .comment       0x00000030       0x31 FreeRTOS/src/timers.o
 .comment       0x00000030       0x31 FreeRTOS/src/variantHooks.o
 .comment       0x00000030       0x31 main.o
 .comment       0x00000030       0x31 ../drivers\libIotLibrary.a(hal.o)
 .comment       0x00000030       0x31 ../drivers\libIotLibrary.a(led.o)
 .comment       0x00000030       0x31 ../drivers\libIotLibrary.a(lora_driver.o)
 .comment       0x00000030       0x31 ../drivers\libIotLibrary.a(lora_driver_utils.o)
 .comment       0x00000030       0x31 ../drivers\libIotLibrary.a(mega_register_access.o)
 .comment       0x00000030       0x31 ../drivers\libIotLibrary.a(serial.o)
 .comment       0x00000030       0x31 ../drivers\libIotLibrary.a(stdio_driver.o)
 .comment       0x00000030       0x31 ../drivers\libIotLibrary.a(twi.o)
 .comment       0x00000030       0x31 ../drivers\libIotLibrary.a(fifo.o)
 .comment       0x00000030       0x31 c:/program files (x86)/atmel/studio/7.0/toolchain/avr8/avr8-gnu-toolchain/bin/../lib/gcc/avr/5.4.0/../../../../avr/lib/avr6\libc.a(calloc.o)
 .comment       0x00000030       0x31 c:/program files (x86)/atmel/studio/7.0/toolchain/avr8/avr8-gnu-toolchain/bin/../lib/gcc/avr/5.4.0/../../../../avr/lib/avr6\libc.a(malloc.o)
 .comment       0x00000030       0x31 c:/program files (x86)/atmel/studio/7.0/toolchain/avr8/avr8-gnu-toolchain/bin/../lib/gcc/avr/5.4.0/../../../../avr/lib/avr6\libc.a(iob.o)
 .comment       0x00000030       0x31 c:/program files (x86)/atmel/studio/7.0/toolchain/avr8/avr8-gnu-toolchain/bin/../lib/gcc/avr/5.4.0/../../../../avr/lib/avr6\libc.a(printf.o)
 .comment       0x00000030       0x31 c:/program files (x86)/atmel/studio/7.0/toolchain/avr8/avr8-gnu-toolchain/bin/../lib/gcc/avr/5.4.0/../../../../avr/lib/avr6\libc.a(puts.o)
 .comment       0x00000030       0x31 c:/program files (x86)/atmel/studio/7.0/toolchain/avr8/avr8-gnu-toolchain/bin/../lib/gcc/avr/5.4.0/../../../../avr/lib/avr6\libc.a(sprintf.o)
 .comment       0x00000030       0x2c c:/program files (x86)/atmel/studio/7.0/toolchain/avr8/avr8-gnu-toolchain/bin/../lib/gcc/avr/5.4.0/../../../../avr/lib/avr6\libc.a(vfprintf_std.o)
                                 0x2d (size before relaxing)
 .comment       0x0000005c       0x31 c:/program files (x86)/atmel/studio/7.0/toolchain/avr8/avr8-gnu-toolchain/bin/../lib/gcc/avr/5.4.0/../../../../avr/lib/avr6\libc.a(fputc.o)

.note.gnu.avr.deviceinfo
                0x00000000       0x40
 .note.gnu.avr.deviceinfo
                0x00000000       0x40 C:/Program Files (x86)/Atmel/Studio/7.0/Packs/atmel/ATmega_DFP/1.2.209/gcc/dev/atmega2560/avr6/crtatmega2560.o

.note.gnu.build-id
 *(.note.gnu.build-id)

.debug
 *(.debug)

.line
 *(.line)

.debug_srcinfo
 *(.debug_srcinfo)

.debug_sfnames
 *(.debug_sfnames)

.debug_aranges  0x00000000      0x970
 *(.debug_aranges)
 .debug_aranges
                0x00000000       0x30 UpLinkHandler.o
 .debug_aranges
                0x00000030       0x30 FreeRTOS/FreeRTOSTraceDriver/FreeRTOSTraceDriver.o
 .debug_aranges
                0x00000060       0x48 FreeRTOS/src/heap_4.o
 .debug_aranges
                0x000000a8       0x40 FreeRTOS/src/list.o
 .debug_aranges
                0x000000e8       0x48 FreeRTOS/src/port.o
 .debug_aranges
                0x00000130       0xf8 FreeRTOS/src/queue.o
 .debug_aranges
                0x00000228       0xc8 FreeRTOS/src/stream_buffer.o
 .debug_aranges
                0x000002f0      0x1d8 FreeRTOS/src/tasks.o
 .debug_aranges
                0x000004c8       0xa0 FreeRTOS/src/timers.o
 .debug_aranges
                0x00000568       0x30 FreeRTOS/src/variantHooks.o
 .debug_aranges
                0x00000598       0x48 main.o
 .debug_aranges
                0x000005e0       0x20 ../drivers\libIotLibrary.a(hal.o)
 .debug_aranges
                0x00000600       0x68 ../drivers\libIotLibrary.a(led.o)
 .debug_aranges
                0x00000668      0x138 ../drivers\libIotLibrary.a(lora_driver.o)
 .debug_aranges
                0x000007a0       0x28 ../drivers\libIotLibrary.a(lora_driver_utils.o)
 .debug_aranges
                0x000007c8       0x70 ../drivers\libIotLibrary.a(mega_register_access.o)
 .debug_aranges
                0x00000838       0x90 ../drivers\libIotLibrary.a(serial.o)
 .debug_aranges
                0x000008c8       0x38 ../drivers\libIotLibrary.a(stdio_driver.o)
 .debug_aranges
                0x00000900       0x50 ../drivers\libIotLibrary.a(twi.o)
 .debug_aranges
                0x00000950       0x20 ../drivers\libIotLibrary.a(fifo.o)

.debug_pubnames
 *(.debug_pubnames)

.debug_info     0x00000000     0xc9e2
 *(.debug_info .gnu.linkonce.wi.*)
 .debug_info    0x00000000      0xbbc C:/Program Files (x86)/Atmel/Studio/7.0/Packs/atmel/ATmega_DFP/1.2.209/gcc/dev/atmega2560/avr6/crtatmega2560.o
 .debug_info    0x00000bbc      0x7f7 UpLinkHandler.o
 .debug_info    0x000013b3       0xd3 FreeRTOS/FreeRTOSTraceDriver/FreeRTOSTraceDriver.o
 .debug_info    0x00001486      0x3d4 FreeRTOS/src/heap_4.o
 .debug_info    0x0000185a      0x2dc FreeRTOS/src/list.o
 .debug_info    0x00001b36      0x284 FreeRTOS/src/port.o
 .debug_info    0x00001dba     0x1910 FreeRTOS/src/queue.o
 .debug_info    0x000036ca     0x14b4 FreeRTOS/src/stream_buffer.o
 .debug_info    0x00004b7e     0x27fd FreeRTOS/src/tasks.o
 .debug_info    0x0000737b     0x1115 FreeRTOS/src/timers.o
 .debug_info    0x00008490      0x1ba FreeRTOS/src/variantHooks.o
 .debug_info    0x0000864a      0x57a main.o
 .debug_info    0x00008bc4      0x20d ../drivers\libIotLibrary.a(hal.o)
 .debug_info    0x00008dd1      0x6d5 ../drivers\libIotLibrary.a(led.o)
 .debug_info    0x000094a6     0x18a9 ../drivers\libIotLibrary.a(lora_driver.o)
 .debug_info    0x0000ad4f      0x143 ../drivers\libIotLibrary.a(lora_driver_utils.o)
 .debug_info    0x0000ae92      0x2e1 ../drivers\libIotLibrary.a(mega_register_access.o)
 .debug_info    0x0000b173      0xdb3 ../drivers\libIotLibrary.a(serial.o)
 .debug_info    0x0000bf26      0x39c ../drivers\libIotLibrary.a(stdio_driver.o)
 .debug_info    0x0000c2c2      0x55d ../drivers\libIotLibrary.a(twi.o)
 .debug_info    0x0000c81f      0x1c3 ../drivers\libIotLibrary.a(fifo.o)

.debug_abbrev   0x00000000     0x3121
 *(.debug_abbrev)
 .debug_abbrev  0x00000000      0xb1a C:/Program Files (x86)/Atmel/Studio/7.0/Packs/atmel/ATmega_DFP/1.2.209/gcc/dev/atmega2560/avr6/crtatmega2560.o
 .debug_abbrev  0x00000b1a      0x1b0 UpLinkHandler.o
 .debug_abbrev  0x00000cca       0x92 FreeRTOS/FreeRTOSTraceDriver/FreeRTOSTraceDriver.o
 .debug_abbrev  0x00000d5c      0x224 FreeRTOS/src/heap_4.o
 .debug_abbrev  0x00000f80       0xff FreeRTOS/src/list.o
 .debug_abbrev  0x0000107f      0x158 FreeRTOS/src/port.o
 .debug_abbrev  0x000011d7      0x2d8 FreeRTOS/src/queue.o
 .debug_abbrev  0x000014af      0x2b4 FreeRTOS/src/stream_buffer.o
 .debug_abbrev  0x00001763      0x359 FreeRTOS/src/tasks.o
 .debug_abbrev  0x00001abc      0x2f5 FreeRTOS/src/timers.o
 .debug_abbrev  0x00001db1      0x101 FreeRTOS/src/variantHooks.o
 .debug_abbrev  0x00001eb2      0x212 main.o
 .debug_abbrev  0x000020c4       0xff ../drivers\libIotLibrary.a(hal.o)
 .debug_abbrev  0x000021c3      0x228 ../drivers\libIotLibrary.a(led.o)
 .debug_abbrev  0x000023eb      0x382 ../drivers\libIotLibrary.a(lora_driver.o)
 .debug_abbrev  0x0000276d       0xc0 ../drivers\libIotLibrary.a(lora_driver_utils.o)
 .debug_abbrev  0x0000282d       0xd3 ../drivers\libIotLibrary.a(mega_register_access.o)
 .debug_abbrev  0x00002900      0x364 ../drivers\libIotLibrary.a(serial.o)
 .debug_abbrev  0x00002c64      0x1be ../drivers\libIotLibrary.a(stdio_driver.o)
 .debug_abbrev  0x00002e22      0x217 ../drivers\libIotLibrary.a(twi.o)
 .debug_abbrev  0x00003039       0xe8 ../drivers\libIotLibrary.a(fifo.o)

.debug_line     0x00000000     0x5e44
 *(.debug_line .debug_line.* .debug_line_end)
 .debug_line    0x00000000      0x1f9 C:/Program Files (x86)/Atmel/Studio/7.0/Packs/atmel/ATmega_DFP/1.2.209/gcc/dev/atmega2560/avr6/crtatmega2560.o
 .debug_line    0x000001f9      0x28c UpLinkHandler.o
 .debug_line    0x00000485       0xfd FreeRTOS/FreeRTOSTraceDriver/FreeRTOSTraceDriver.o
 .debug_line    0x00000582      0x318 FreeRTOS/src/heap_4.o
 .debug_line    0x0000089a      0x1da FreeRTOS/src/list.o
 .debug_line    0x00000a74      0x312 FreeRTOS/src/port.o
 .debug_line    0x00000d86      0xbfa FreeRTOS/src/queue.o
 .debug_line    0x00001980      0x7a4 FreeRTOS/src/stream_buffer.o
 .debug_line    0x00002124     0x1668 FreeRTOS/src/tasks.o
 .debug_line    0x0000378c      0x563 FreeRTOS/src/timers.o
 .debug_line    0x00003cef      0x18a FreeRTOS/src/variantHooks.o
 .debug_line    0x00003e79      0x334 main.o
 .debug_line    0x000041ad       0xff ../drivers\libIotLibrary.a(hal.o)
 .debug_line    0x000042ac      0x31b ../drivers\libIotLibrary.a(led.o)
 .debug_line    0x000045c7      0x9ab ../drivers\libIotLibrary.a(lora_driver.o)
 .debug_line    0x00004f72      0x194 ../drivers\libIotLibrary.a(lora_driver_utils.o)
 .debug_line    0x00005106      0x1af ../drivers\libIotLibrary.a(mega_register_access.o)
 .debug_line    0x000052b5      0x636 ../drivers\libIotLibrary.a(serial.o)
 .debug_line    0x000058eb      0x13a ../drivers\libIotLibrary.a(stdio_driver.o)
 .debug_line    0x00005a25      0x306 ../drivers\libIotLibrary.a(twi.o)
 .debug_line    0x00005d2b      0x119 ../drivers\libIotLibrary.a(fifo.o)

.debug_frame    0x00000000     0x216c
 *(.debug_frame)
 .debug_frame   0x00000000      0x128 UpLinkHandler.o
 .debug_frame   0x00000128       0x44 FreeRTOS/FreeRTOSTraceDriver/FreeRTOSTraceDriver.o
 .debug_frame   0x0000016c       0xb4 FreeRTOS/src/heap_4.o
 .debug_frame   0x00000220       0x90 FreeRTOS/src/list.o
 .debug_frame   0x000002b0       0x74 FreeRTOS/src/port.o
 .debug_frame   0x00000324      0x3d8 FreeRTOS/src/queue.o
 .debug_frame   0x000006fc      0x3dc FreeRTOS/src/stream_buffer.o
 .debug_frame   0x00000ad8      0x75c FreeRTOS/src/tasks.o
 .debug_frame   0x00001234      0x248 FreeRTOS/src/timers.o
 .debug_frame   0x0000147c       0x44 FreeRTOS/src/variantHooks.o
 .debug_frame   0x000014c0       0xa8 main.o
 .debug_frame   0x00001568       0x24 ../drivers\libIotLibrary.a(hal.o)
 .debug_frame   0x0000158c      0x11c ../drivers\libIotLibrary.a(led.o)
 .debug_frame   0x000016a8      0x460 ../drivers\libIotLibrary.a(lora_driver.o)
 .debug_frame   0x00001b08       0x48 ../drivers\libIotLibrary.a(lora_driver_utils.o)
 .debug_frame   0x00001b50       0xc4 ../drivers\libIotLibrary.a(mega_register_access.o)
 .debug_frame   0x00001c14      0x384 ../drivers\libIotLibrary.a(serial.o)
 .debug_frame   0x00001f98       0x84 ../drivers\libIotLibrary.a(stdio_driver.o)
 .debug_frame   0x0000201c      0x12c ../drivers\libIotLibrary.a(twi.o)
 .debug_frame   0x00002148       0x24 ../drivers\libIotLibrary.a(fifo.o)

.debug_str      0x00000000     0x3c62
 *(.debug_str)
 .debug_str     0x00000000      0x3e6 C:/Program Files (x86)/Atmel/Studio/7.0/Packs/atmel/ATmega_DFP/1.2.209/gcc/dev/atmega2560/avr6/crtatmega2560.o
 .debug_str     0x000003e6      0x62c UpLinkHandler.o
                                0x682 (size before relaxing)
 .debug_str     0x00000a12       0x68 FreeRTOS/FreeRTOSTraceDriver/FreeRTOSTraceDriver.o
                                0x1b8 (size before relaxing)
 .debug_str     0x00000a7a      0x213 FreeRTOS/src/heap_4.o
                                0x378 (size before relaxing)
 .debug_str     0x00000c8d      0x129 FreeRTOS/src/list.o
                                0x2b5 (size before relaxing)
 .debug_str     0x00000db6      0x12e FreeRTOS/src/port.o
                                0x2a2 (size before relaxing)
 .debug_str     0x00000ee4      0x6e4 FreeRTOS/src/queue.o
                                0x9ab (size before relaxing)
 .debug_str     0x000015c8      0x505 FreeRTOS/src/stream_buffer.o
                                0x811 (size before relaxing)
 .debug_str     0x00001acd      0xb05 FreeRTOS/src/tasks.o
                               0x1156 (size before relaxing)
 .debug_str     0x000025d2      0x43f FreeRTOS/src/timers.o
                                0x843 (size before relaxing)
 .debug_str     0x00002a11       0x61 FreeRTOS/src/variantHooks.o
                                0x249 (size before relaxing)
 .debug_str     0x00002a72       0xf6 main.o
                                0x3cd (size before relaxing)
 .debug_str     0x00002b68       0xc3 ../drivers\libIotLibrary.a(hal.o)
                                0x278 (size before relaxing)
 .debug_str     0x00002c2b       0xd7 ../drivers\libIotLibrary.a(led.o)
                                0x3cd (size before relaxing)
 .debug_str     0x00002d02      0x688 ../drivers\libIotLibrary.a(lora_driver.o)
                                0xd8f (size before relaxing)
 .debug_str     0x0000338a       0x46 ../drivers\libIotLibrary.a(lora_driver_utils.o)
                                0x205 (size before relaxing)
 .debug_str     0x000033d0       0xdf ../drivers\libIotLibrary.a(mega_register_access.o)
                                0x252 (size before relaxing)
 .debug_str     0x000034af      0x2e5 ../drivers\libIotLibrary.a(serial.o)
                                0x639 (size before relaxing)
 .debug_str     0x00003794       0xa4 ../drivers\libIotLibrary.a(stdio_driver.o)
                                0x378 (size before relaxing)
 .debug_str     0x00003838      0x40a ../drivers\libIotLibrary.a(twi.o)
                                0x5a8 (size before relaxing)
 .debug_str     0x00003c42       0x20 ../drivers\libIotLibrary.a(fifo.o)
                                0x237 (size before relaxing)

.debug_loc      0x00000000     0xb797
 *(.debug_loc)
 .debug_loc     0x00000000      0x4b3 UpLinkHandler.o
 .debug_loc     0x000004b3       0x42 FreeRTOS/FreeRTOSTraceDriver/FreeRTOSTraceDriver.o
 .debug_loc     0x000004f5      0x331 FreeRTOS/src/heap_4.o
 .debug_loc     0x00000826      0x17d FreeRTOS/src/list.o
 .debug_loc     0x000009a3      0x2af FreeRTOS/src/port.o
 .debug_loc     0x00000c52     0x1c21 FreeRTOS/src/queue.o
 .debug_loc     0x00002873     0x1db1 FreeRTOS/src/stream_buffer.o
 .debug_loc     0x00004624     0x3168 FreeRTOS/src/tasks.o
 .debug_loc     0x0000778c      0xcf7 FreeRTOS/src/timers.o
 .debug_loc     0x00008483       0xb6 FreeRTOS/src/variantHooks.o
 .debug_loc     0x00008539      0x13a main.o
 .debug_loc     0x00008673       0x2c ../drivers\libIotLibrary.a(hal.o)
 .debug_loc     0x0000869f      0x390 ../drivers\libIotLibrary.a(led.o)
 .debug_loc     0x00008a2f     0x1216 ../drivers\libIotLibrary.a(lora_driver.o)
 .debug_loc     0x00009c45      0x1d2 ../drivers\libIotLibrary.a(lora_driver_utils.o)
 .debug_loc     0x00009e17       0xe9 ../drivers\libIotLibrary.a(mega_register_access.o)
 .debug_loc     0x00009f00     0x1080 ../drivers\libIotLibrary.a(serial.o)
 .debug_loc     0x0000af80      0x144 ../drivers\libIotLibrary.a(stdio_driver.o)
 .debug_loc     0x0000b0c4      0x575 ../drivers\libIotLibrary.a(twi.o)
 .debug_loc     0x0000b639      0x15e ../drivers\libIotLibrary.a(fifo.o)

.debug_macinfo
 *(.debug_macinfo)

.debug_weaknames
 *(.debug_weaknames)

.debug_funcnames
 *(.debug_funcnames)

.debug_typenames
 *(.debug_typenames)

.debug_varnames
 *(.debug_varnames)

.debug_pubtypes
 *(.debug_pubtypes)

.debug_ranges   0x00000000      0x9c0
 *(.debug_ranges)
 .debug_ranges  0x00000000       0x20 UpLinkHandler.o
 .debug_ranges  0x00000020       0x20 FreeRTOS/FreeRTOSTraceDriver/FreeRTOSTraceDriver.o
 .debug_ranges  0x00000040       0x38 FreeRTOS/src/heap_4.o
 .debug_ranges  0x00000078       0x30 FreeRTOS/src/list.o
 .debug_ranges  0x000000a8       0x38 FreeRTOS/src/port.o
 .debug_ranges  0x000000e0      0x178 FreeRTOS/src/queue.o
 .debug_ranges  0x00000258       0xb8 FreeRTOS/src/stream_buffer.o
 .debug_ranges  0x00000310      0x240 FreeRTOS/src/tasks.o
 .debug_ranges  0x00000550       0xe8 FreeRTOS/src/timers.o
 .debug_ranges  0x00000638       0x20 FreeRTOS/src/variantHooks.o
 .debug_ranges  0x00000658       0x38 main.o
 .debug_ranges  0x00000690       0x10 ../drivers\libIotLibrary.a(hal.o)
 .debug_ranges  0x000006a0       0x58 ../drivers\libIotLibrary.a(led.o)
 .debug_ranges  0x000006f8      0x128 ../drivers\libIotLibrary.a(lora_driver.o)
 .debug_ranges  0x00000820       0x30 ../drivers\libIotLibrary.a(lora_driver_utils.o)
 .debug_ranges  0x00000850       0x60 ../drivers\libIotLibrary.a(mega_register_access.o)
 .debug_ranges  0x000008b0       0x98 ../drivers\libIotLibrary.a(serial.o)
 .debug_ranges  0x00000948       0x28 ../drivers\libIotLibrary.a(stdio_driver.o)
 .debug_ranges  0x00000970       0x40 ../drivers\libIotLibrary.a(twi.o)
 .debug_ranges  0x000009b0       0x10 ../drivers\libIotLibrary.a(fifo.o)

.debug_macro
 *(.debug_macro)
OUTPUT(SEP4IOT.elf elf32-avr)
LOAD linker stubs
